ARM Linker, 5.02 [Build 28] [MDK-ARM Lite]

==============================================================================

Section Cross References

    startup_stm32f30x.o(RESET) refers to startup_stm32f30x.o(STACK) for __initial_sp
    startup_stm32f30x.o(RESET) refers to startup_stm32f30x.o(.text) for Reset_Handler
    startup_stm32f30x.o(RESET) refers to stm32f30x_it.o(i.NMI_Handler) for NMI_Handler
    startup_stm32f30x.o(RESET) refers to stm32f30x_it.o(i.HardFault_Handler) for HardFault_Handler
    startup_stm32f30x.o(RESET) refers to stm32f30x_it.o(i.MemManage_Handler) for MemManage_Handler
    startup_stm32f30x.o(RESET) refers to stm32f30x_it.o(i.BusFault_Handler) for BusFault_Handler
    startup_stm32f30x.o(RESET) refers to stm32f30x_it.o(i.UsageFault_Handler) for UsageFault_Handler
    startup_stm32f30x.o(RESET) refers to stm32f30x_it.o(i.SVC_Handler) for SVC_Handler
    startup_stm32f30x.o(RESET) refers to stm32f30x_it.o(i.DebugMon_Handler) for DebugMon_Handler
    startup_stm32f30x.o(RESET) refers to stm32f30x_it.o(i.PendSV_Handler) for PendSV_Handler
    startup_stm32f30x.o(RESET) refers to stm32f30x_it.o(i.SysTick_Handler) for SysTick_Handler
    startup_stm32f30x.o(RESET) refers to stm32f30x_it.o(i.EXTI0_IRQHandler) for EXTI0_IRQHandler
    startup_stm32f30x.o(.text) refers to system_stm32f30x.o(i.SystemInit) for SystemInit
    startup_stm32f30x.o(.text) refers to entry.o(.ARM.Collect$$$$00000000) for __main
    stm32f30x_it.o(i.EXTI0_IRQHandler) refers to stm32f30x_exti.o(i.EXTI_GetITStatus) for EXTI_GetITStatus
    stm32f30x_it.o(i.EXTI0_IRQHandler) refers to stm32f3_discovery.o(i.STM_EVAL_PBGetState) for STM_EVAL_PBGetState
    stm32f30x_it.o(i.EXTI0_IRQHandler) refers to stm32f30x_exti.o(i.EXTI_ClearITPendingBit) for EXTI_ClearITPendingBit
    stm32f30x_it.o(i.EXTI0_IRQHandler) refers to main.o(.data) for UserButtonPressed
    stm32f30x_it.o(i.SysTick_Handler) refers to main.o(.data) for msTicks
    main.o(i.main) refers to stm32f3_discovery.o(i.STM_EVAL_PBInit) for STM_EVAL_PBInit
    main.o(i.main) refers to stm32f3_discovery.o(i.STM_EVAL_LEDInit) for STM_EVAL_LEDInit
    main.o(i.main) refers to stm32f3_discovery.o(i.STM_EVAL_LEDOff) for STM_EVAL_LEDOff
    main.o(i.main) refers to motorcontrol.o(i.init_motors) for init_motors
    main.o(i.main) refers to stm32f3_discovery.o(i.STM_EVAL_LEDOn) for STM_EVAL_LEDOn
    main.o(i.main) refers to motorcontrol.o(i.setMotorSpeed) for setMotorSpeed
    main.o(i.main) refers to utils.o(i.Delay) for Delay
    main.o(i.main) refers to main.o(.data) for .data
    main.o(i.main) refers to system_stm32f30x.o(.data) for SystemCoreClock
    system_stm32f30x.o(i.SystemCoreClockUpdate) refers to system_stm32f30x.o(.data) for .data
    system_stm32f30x.o(i.SystemInit) refers to system_stm32f30x.o(i.SetSysClock) for SetSysClock
    utils.o(i.Delay) refers to main.o(.data) for msTicks
    stm32f3_discovery.o(i.STM_EVAL_LEDInit) refers to stm32f30x_rcc.o(i.RCC_AHBPeriphClockCmd) for RCC_AHBPeriphClockCmd
    stm32f3_discovery.o(i.STM_EVAL_LEDInit) refers to stm32f30x_gpio.o(i.GPIO_Init) for GPIO_Init
    stm32f3_discovery.o(i.STM_EVAL_LEDInit) refers to stm32f3_discovery.o(.constdata) for .constdata
    stm32f3_discovery.o(i.STM_EVAL_LEDInit) refers to stm32f3_discovery.o(.data) for .data
    stm32f3_discovery.o(i.STM_EVAL_LEDOff) refers to stm32f3_discovery.o(.constdata) for .constdata
    stm32f3_discovery.o(i.STM_EVAL_LEDOff) refers to stm32f3_discovery.o(.data) for .data
    stm32f3_discovery.o(i.STM_EVAL_LEDOn) refers to stm32f3_discovery.o(.constdata) for .constdata
    stm32f3_discovery.o(i.STM_EVAL_LEDOn) refers to stm32f3_discovery.o(.data) for .data
    stm32f3_discovery.o(i.STM_EVAL_LEDToggle) refers to stm32f3_discovery.o(.data) for .data
    stm32f3_discovery.o(i.STM_EVAL_LEDToggle) refers to stm32f3_discovery.o(.constdata) for .constdata
    stm32f3_discovery.o(i.STM_EVAL_PBGetState) refers to stm32f30x_gpio.o(i.GPIO_ReadInputDataBit) for GPIO_ReadInputDataBit
    stm32f3_discovery.o(i.STM_EVAL_PBGetState) refers to stm32f3_discovery.o(.constdata) for .constdata
    stm32f3_discovery.o(i.STM_EVAL_PBGetState) refers to stm32f3_discovery.o(.data) for .data
    stm32f3_discovery.o(i.STM_EVAL_PBInit) refers to stm32f30x_rcc.o(i.RCC_AHBPeriphClockCmd) for RCC_AHBPeriphClockCmd
    stm32f3_discovery.o(i.STM_EVAL_PBInit) refers to stm32f30x_rcc.o(i.RCC_APB2PeriphClockCmd) for RCC_APB2PeriphClockCmd
    stm32f3_discovery.o(i.STM_EVAL_PBInit) refers to stm32f30x_gpio.o(i.GPIO_Init) for GPIO_Init
    stm32f3_discovery.o(i.STM_EVAL_PBInit) refers to stm32f30x_syscfg.o(i.SYSCFG_EXTILineConfig) for SYSCFG_EXTILineConfig
    stm32f3_discovery.o(i.STM_EVAL_PBInit) refers to stm32f30x_exti.o(i.EXTI_Init) for EXTI_Init
    stm32f3_discovery.o(i.STM_EVAL_PBInit) refers to stm32f30x_misc.o(i.NVIC_Init) for NVIC_Init
    stm32f3_discovery.o(i.STM_EVAL_PBInit) refers to stm32f3_discovery.o(.constdata) for .constdata
[...]
    stm32f30x_rtc.o(i.RTC_Init) refers to stm32f30x_rtc.o(i.RTC_EnterInitMode) for RTC_EnterInitMode
    stm32f30x_rtc.o(i.RTC_Init) refers to stm32f30x_rtc.o(i.RTC_ExitInitMode) for RTC_ExitInitMode
    stm32f30x_rtc.o(i.RTC_RefClockCmd) refers to stm32f30x_rtc.o(i.RTC_EnterInitMode) for RTC_EnterInitMode
    stm32f30x_rtc.o(i.RTC_RefClockCmd) refers to stm32f30x_rtc.o(i.RTC_ExitInitMode) for RTC_ExitInitMode
    stm32f30x_rtc.o(i.RTC_SetAlarm) refers to stm32f30x_rtc.o(i.RTC_Bcd2ToByte) for RTC_Bcd2ToByte
    stm32f30x_rtc.o(i.RTC_SetAlarm) refers to stm32f30x_rtc.o(i.RTC_ByteToBcd2) for RTC_ByteToBcd2
    stm32f30x_rtc.o(i.RTC_SetDate) refers to stm32f30x_rtc.o(i.RTC_Bcd2ToByte) for RTC_Bcd2ToByte
    stm32f30x_rtc.o(i.RTC_SetDate) refers to stm32f30x_rtc.o(i.RTC_ByteToBcd2) for RTC_ByteToBcd2
    stm32f30x_rtc.o(i.RTC_SetDate) refers to stm32f30x_rtc.o(i.RTC_EnterInitMode) for RTC_EnterInitMode
    stm32f30x_rtc.o(i.RTC_SetDate) refers to stm32f30x_rtc.o(i.RTC_ExitInitMode) for RTC_ExitInitMode
    stm32f30x_rtc.o(i.RTC_SetDate) refers to stm32f30x_rtc.o(i.RTC_WaitForSynchro) for RTC_WaitForSynchro
    stm32f30x_rtc.o(i.RTC_SetTime) refers to stm32f30x_rtc.o(i.RTC_Bcd2ToByte) for RTC_Bcd2ToByte
    stm32f30x_rtc.o(i.RTC_SetTime) refers to stm32f30x_rtc.o(i.RTC_ByteToBcd2) for RTC_ByteToBcd2
    stm32f30x_rtc.o(i.RTC_SetTime) refers to stm32f30x_rtc.o(i.RTC_EnterInitMode) for RTC_EnterInitMode
    stm32f30x_rtc.o(i.RTC_SetTime) refers to stm32f30x_rtc.o(i.RTC_ExitInitMode) for RTC_ExitInitMode
    stm32f30x_rtc.o(i.RTC_SetTime) refers to stm32f30x_rtc.o(i.RTC_WaitForSynchro) for RTC_WaitForSynchro
    stm32f30x_rtc.o(i.RTC_SynchroShiftConfig) refers to stm32f30x_rtc.o(i.RTC_WaitForSynchro) for RTC_WaitForSynchro
    stm32f30x_spi.o(i.I2S_Init) refers to stm32f30x_rcc.o(i.RCC_GetClocksFreq) for RCC_GetClocksFreq
    stm32f30x_spi.o(i.SPI_I2S_DeInit) refers to stm32f30x_rcc.o(i.RCC_APB2PeriphResetCmd) for RCC_APB2PeriphResetCmd
    stm32f30x_spi.o(i.SPI_I2S_DeInit) refers to stm32f30x_rcc.o(i.RCC_APB1PeriphResetCmd) for RCC_APB1PeriphResetCmd
    stm32f30x_tim.o(i.TIM_DeInit) refers to stm32f30x_rcc.o(i.RCC_APB1PeriphResetCmd) for RCC_APB1PeriphResetCmd
    stm32f30x_tim.o(i.TIM_DeInit) refers to stm32f30x_rcc.o(i.RCC_APB2PeriphResetCmd) for RCC_APB2PeriphResetCmd
    stm32f30x_tim.o(i.TIM_ETRClockMode1Config) refers to stm32f30x_tim.o(i.TIM_ETRConfig) for TIM_ETRConfig
    stm32f30x_tim.o(i.TIM_ETRClockMode2Config) refers to stm32f30x_tim.o(i.TIM_ETRConfig) for TIM_ETRConfig
    stm32f30x_tim.o(i.TIM_ICInit) refers to stm32f30x_tim.o(i.TIM_SetIC4Prescaler) for TIM_SetIC4Prescaler
    stm32f30x_tim.o(i.TIM_ICInit) refers to stm32f30x_tim.o(i.TI1_Config) for TI1_Config
    stm32f30x_tim.o(i.TIM_ICInit) refers to stm32f30x_tim.o(i.TIM_SetIC1Prescaler) for TIM_SetIC1Prescaler
    stm32f30x_tim.o(i.TIM_ICInit) refers to stm32f30x_tim.o(i.TI2_Config) for TI2_Config
    stm32f30x_tim.o(i.TIM_ICInit) refers to stm32f30x_tim.o(i.TIM_SetIC2Prescaler) for TIM_SetIC2Prescaler
    stm32f30x_tim.o(i.TIM_ICInit) refers to stm32f30x_tim.o(i.TIM_SetIC3Prescaler) for TIM_SetIC3Prescaler
    stm32f30x_tim.o(i.TIM_ITRxExternalClockConfig) refers to stm32f30x_tim.o(i.TIM_SelectInputTrigger) for TIM_SelectInputTrigger
    stm32f30x_tim.o(i.TIM_PWMIConfig) refers to stm32f30x_tim.o(i.TI2_Config) for TI2_Config
    stm32f30x_tim.o(i.TIM_PWMIConfig) refers to stm32f30x_tim.o(i.TIM_SetIC2Prescaler) for TIM_SetIC2Prescaler
    stm32f30x_tim.o(i.TIM_PWMIConfig) refers to stm32f30x_tim.o(i.TI1_Config) for TI1_Config
    stm32f30x_tim.o(i.TIM_PWMIConfig) refers to stm32f30x_tim.o(i.TIM_SetIC1Prescaler) for TIM_SetIC1Prescaler
    stm32f30x_tim.o(i.TIM_TIxExternalClockConfig) refers to stm32f30x_tim.o(i.TI1_Config) for TI1_Config
    stm32f30x_tim.o(i.TIM_TIxExternalClockConfig) refers to stm32f30x_tim.o(i.TIM_SelectInputTrigger) for TIM_SelectInputTrigger
    stm32f30x_tim.o(i.TIM_TIxExternalClockConfig) refers to stm32f30x_tim.o(i.TI2_Config) for TI2_Config
    stm32f30x_usart.o(i.USART_DeInit) refers to stm32f30x_rcc.o(i.RCC_APB2PeriphResetCmd) for RCC_APB2PeriphResetCmd
    stm32f30x_usart.o(i.USART_DeInit) refers to stm32f30x_rcc.o(i.RCC_APB1PeriphResetCmd) for RCC_APB1PeriphResetCmd
    stm32f30x_usart.o(i.USART_Init) refers to stm32f30x_rcc.o(i.RCC_GetClocksFreq) for RCC_GetClocksFreq
    stm32f30x_wwdg.o(i.WWDG_DeInit) refers to stm32f30x_rcc.o(i.RCC_APB1PeriphResetCmd) for RCC_APB1PeriphResetCmd
    entry.o(.ARM.Collect$$$$00000000) refers (Special) to entry7b.o(.ARM.Collect$$$$00000008) for _main_clock
    entry.o(.ARM.Collect$$$$00000000) refers (Special) to entry8.o(.ARM.Collect$$$$00000009) for _main_init
    entry.o(.ARM.Collect$$$$00000000) refers (Special) to entry5.o(.ARM.Collect$$$$00000004) for _main_scatterload
    entry.o(.ARM.Collect$$$$00000000) refers (Special) to entry2.o(.ARM.Collect$$$$00000001) for _main_stk
    ddiv.o(.text) refers (Special) to iusefp.o(.text) for __I$use$fp
    ddiv.o(.text) refers to depilogue.o(.text) for _double_round
    dflti.o(.text) refers (Special) to iusefp.o(.text) for __I$use$fp
    dflti.o(.text) refers to depilogue.o(.text) for _double_epilogue
    dfixi.o(.text) refers (Special) to iusefp.o(.text) for __I$use$fp
    dfixi.o(.text) refers to llushr.o(.text) for __aeabi_llsr
    f2d.o(.text) refers (Special) to iusefp.o(.text) for __I$use$fp
    entry2.o(.ARM.Collect$$$$00000001) refers to entry2.o(.ARM.Collect$$$$00002712) for __lit__00000000
    entry2.o(.ARM.Collect$$$$00002712) refers to startup_stm32f30x.o(STACK) for __initial_sp
    entry2.o(__vectab_stack_and_reset_area) refers to startup_stm32f30x.o(STACK) for __initial_sp
    entry2.o(__vectab_stack_and_reset_area) refers to entry.o(.ARM.Collect$$$$00000000) for __main
    entry5.o(.ARM.Collect$$$$00000004) refers to init.o(.text) for __scatterload
    entry8.o(.ARM.Collect$$$$00000009) refers to main.o(i.main) for main
    depilogue.o(.text) refers to llshl.o(.text) for __aeabi_llsl
    depilogue.o(.text) refers to llushr.o(.text) for __aeabi_llsr
    init.o(.text) refers to entry5.o(.ARM.Collect$$$$00000004) for __main_after_scatterload


==============================================================================

Removing Unused input sections from the image.

    Removing startup_stm32f30x.o(HEAP), (512 bytes).
    Removing stm32f30x_it.o(.rev16_text), (4 bytes).
    Removing stm32f30x_it.o(.revsh_text), (4 bytes).
    Removing main.o(.rev16_text), (4 bytes).
    Removing main.o(.revsh_text), (4 bytes).
    Removing system_stm32f30x.o(.rev16_text), (4 bytes).
    Removing system_stm32f30x.o(.revsh_text), (4 bytes).
    Removing system_stm32f30x.o(i.SystemCoreClockUpdate), (108 bytes).
    Removing utils.o(.rev16_text), (4 bytes).
    Removing utils.o(.revsh_text), (4 bytes).
    Removing stm32f3_discovery.o(.rev16_text), (4 bytes).
    Removing stm32f3_discovery.o(.revsh_text), (4 bytes).
    Removing stm32f3_discovery.o(i.STM_EVAL_LEDToggle), (28 bytes).
    Removing stm32f3_discovery_l3gd20.o(.rev16_text), (4 bytes).
    Removing stm32f3_discovery_l3gd20.o(.revsh_text), (4 bytes).
    Removing stm32f3_discovery_l3gd20.o(i.L3GD20_FilterCmd), (40 bytes).
    Removing stm32f3_discovery_l3gd20.o(i.L3GD20_FilterConfig), (50 bytes).
    Removing stm32f3_discovery_l3gd20.o(i.L3GD20_GetDataStatus), (18 bytes).
    Removing stm32f3_discovery_l3gd20.o(i.L3GD20_INT1InterruptCmd), (40 bytes).
    Removing stm32f3_discovery_l3gd20.o(i.L3GD20_INT1InterruptConfig), (100 bytes).
    Removing stm32f3_discovery_l3gd20.o(i.L3GD20_INT2InterruptCmd), (40 bytes).
    Removing stm32f3_discovery_l3gd20.o(i.L3GD20_Init), (84 bytes).
    Removing stm32f3_discovery_l3gd20.o(i.L3GD20_LowLevel_Init), (316 bytes).
    Removing stm32f3_discovery_l3gd20.o(i.L3GD20_Read), (76 bytes).
    Removing stm32f3_discovery_l3gd20.o(i.L3GD20_RebootCmd), (36 bytes).
    Removing stm32f3_discovery_l3gd20.o(i.L3GD20_SendByte), (92 bytes).
    Removing stm32f3_discovery_l3gd20.o(i.L3GD20_TIMEOUT_UserCallback), (2 bytes).
    Removing stm32f3_discovery_l3gd20.o(i.L3GD20_Write), (68 bytes).
    Removing stm32f3_discovery_l3gd20.o(.data), (4 bytes).
    Removing stm32f3_discovery_lsm303dlhc.o(.rev16_text), (4 bytes).
    Removing stm32f3_discovery_lsm303dlhc.o(.revsh_text), (4 bytes).
    Removing stm32f3_discovery_lsm303dlhc.o(i.LSM303DLHC_AccClickITConfig), (46 bytes).
    Removing stm32f3_discovery_lsm303dlhc.o(i.LSM303DLHC_AccFilterClickCmd), (42 bytes).
    Removing stm32f3_discovery_lsm303dlhc.o(i.LSM303DLHC_AccFilterCmd), (42 bytes).
    Removing stm32f3_discovery_lsm303dlhc.o(i.LSM303DLHC_AccFilterConfig), (60 bytes).
    Removing stm32f3_discovery_lsm303dlhc.o(i.LSM303DLHC_AccGetDataStatus), (20 bytes).
    Removing stm32f3_discovery_lsm303dlhc.o(i.LSM303DLHC_AccINT1InterruptConfig), (54 bytes).
    Removing stm32f3_discovery_lsm303dlhc.o(i.LSM303DLHC_AccINT2InterruptConfig), (54 bytes).
    Removing stm32f3_discovery_lsm303dlhc.o(i.LSM303DLHC_AccIT1Config), (58 bytes).
    Removing stm32f3_discovery_lsm303dlhc.o(i.LSM303DLHC_AccIT2Config), (58 bytes).
    Removing stm32f3_discovery_lsm303dlhc.o(i.LSM303DLHC_AccInit), (84 bytes).
    Removing stm32f3_discovery_lsm303dlhc.o(i.LSM303DLHC_AccRebootCmd), (38 bytes).
    Removing stm32f3_discovery_lsm303dlhc.o(i.LSM303DLHC_LowLevel_Init), (272 bytes).
    Removing stm32f3_discovery_lsm303dlhc.o(i.LSM303DLHC_MagGetDataStatus), (20 bytes).
    Removing stm32f3_discovery_lsm303dlhc.o(i.LSM303DLHC_MagInit), (94 bytes).
    Removing stm32f3_discovery_lsm303dlhc.o(i.LSM303DLHC_Read), (252 bytes).
    Removing stm32f3_discovery_lsm303dlhc.o(i.LSM303DLHC_TIMEOUT_UserCallback), (2 bytes).
    Removing stm32f3_discovery_lsm303dlhc.o(i.LSM303DLHC_Write), (228 bytes).
    Removing stm32f3_discovery_lsm303dlhc.o(.data), (4 bytes).
    Removing motorcontrol.o(.rev16_text), (4 bytes).
    Removing motorcontrol.o(.revsh_text), (4 bytes).
    Removing motorcontrol.o(i.set_pwm_width), (116 bytes).
    Removing stm32f30x_adc.o(.rev16_text), (4 bytes).
    Removing stm32f30x_adc.o(.revsh_text), (4 bytes).
    Removing stm32f30x_adc.o(i.ADC_AnalogWatchdog1SingleChannelConfig), (14 bytes).
    Removing stm32f30x_adc.o(i.ADC_AnalogWatchdog1ThresholdsConfig), (40 bytes).
    Removing stm32f30x_adc.o(i.ADC_AnalogWatchdog2SingleChannelConfig), (28 bytes).
    Removing stm32f30x_adc.o(i.ADC_AnalogWatchdog2ThresholdsConfig), (32 bytes).
    Removing stm32f30x_adc.o(i.ADC_AnalogWatchdog3SingleChannelConfig), (28 bytes).
    Removing stm32f30x_adc.o(i.ADC_AnalogWatchdog3ThresholdsConfig), (32 bytes).
    Removing stm32f30x_adc.o(i.ADC_AnalogWatchdogCmd), (12 bytes).
    Removing stm32f30x_adc.o(i.ADC_AutoDelayCmd), (20 bytes).
    Removing stm32f30x_adc.o(i.ADC_AutoInjectedConvCmd), (20 bytes).
    Removing stm32f30x_adc.o(i.ADC_ChannelOffset1Cmd), (20 bytes).
    Removing stm32f30x_adc.o(i.ADC_ChannelOffset2Cmd), (20 bytes).
    Removing stm32f30x_adc.o(i.ADC_ChannelOffset3Cmd), (20 bytes).
    Removing stm32f30x_adc.o(i.ADC_ChannelOffset4Cmd), (20 bytes).
    Removing stm32f30x_adc.o(i.ADC_ClearCommonFlag), (44 bytes).
    Removing stm32f30x_adc.o(i.ADC_ClearFlag), (4 bytes).
    Removing stm32f30x_adc.o(i.ADC_ClearITPendingBit), (8 bytes).
    Removing stm32f30x_adc.o(i.ADC_Cmd), (20 bytes).
    Removing stm32f30x_adc.o(i.ADC_CommonInit), (84 bytes).
    Removing stm32f30x_adc.o(i.ADC_CommonStructInit), (14 bytes).
    Removing stm32f30x_adc.o(i.ADC_DMACmd), (20 bytes).
    Removing stm32f30x_adc.o(i.ADC_DMAConfig), (16 bytes).
    Removing stm32f30x_adc.o(i.ADC_DeInit), (68 bytes).
    Removing stm32f30x_adc.o(i.ADC_DisableCmd), (10 bytes).
    Removing stm32f30x_adc.o(i.ADC_DiscModeChannelCountConfig), (16 bytes).
    Removing stm32f30x_adc.o(i.ADC_DiscModeCmd), (20 bytes).
    Removing stm32f30x_adc.o(i.ADC_ExternalTriggerConfig), (18 bytes).
    Removing stm32f30x_adc.o(i.ADC_ExternalTriggerInjectedConfig), (18 bytes).
    Removing stm32f30x_adc.o(i.ADC_GetCalibrationStatus), (14 bytes).
    Removing stm32f30x_adc.o(i.ADC_GetCalibrationValue), (6 bytes).
    Removing stm32f30x_adc.o(i.ADC_GetCommonFlagStatus), (48 bytes).
    Removing stm32f30x_adc.o(i.ADC_GetConversionValue), (6 bytes).
    Removing stm32f30x_adc.o(i.ADC_GetDisableCmdStatus), (14 bytes).
    Removing stm32f30x_adc.o(i.ADC_GetDualModeConversionValue), (36 bytes).
    Removing stm32f30x_adc.o(i.ADC_GetFlagStatus), (14 bytes).
    Removing stm32f30x_adc.o(i.ADC_GetITStatus), (28 bytes).
    Removing stm32f30x_adc.o(i.ADC_GetInjectedConversionValue), (10 bytes).
    Removing stm32f30x_adc.o(i.ADC_GetStartConversionStatus), (14 bytes).
    Removing stm32f30x_adc.o(i.ADC_GetStartInjectedConversionStatus), (14 bytes).
    Removing stm32f30x_adc.o(i.ADC_ITConfig), (16 bytes).
    Removing stm32f30x_adc.o(i.ADC_Init), (60 bytes).
    Removing stm32f30x_adc.o(i.ADC_InjectedChannelConfig), (72 bytes).
    Removing stm32f30x_adc.o(i.ADC_InjectedDiscModeCmd), (20 bytes).
    Removing stm32f30x_adc.o(i.ADC_InjectedInit), (44 bytes).
    Removing stm32f30x_adc.o(i.ADC_InjectedSequencerLengthConfig), (14 bytes).
    Removing stm32f30x_adc.o(i.ADC_InjectedStructInit), (20 bytes).
    Removing stm32f30x_adc.o(i.ADC_RegularChannelConfig), (172 bytes).
    Removing stm32f30x_adc.o(i.ADC_RegularChannelSequencerLengthConfig), (18 bytes).
    Removing stm32f30x_adc.o(i.ADC_SelectCalibrationMode), (16 bytes).
    Removing stm32f30x_adc.o(i.ADC_SelectDifferentialMode), (20 bytes).
    Removing stm32f30x_adc.o(i.ADC_SelectQueueOfContextMode), (20 bytes).
    Removing stm32f30x_adc.o(i.ADC_SetCalibrationValue), (6 bytes).
    Removing stm32f30x_adc.o(i.ADC_SetChannelOffset1), (32 bytes).
    Removing stm32f30x_adc.o(i.ADC_SetChannelOffset2), (32 bytes).
    Removing stm32f30x_adc.o(i.ADC_SetChannelOffset3), (32 bytes).
    Removing stm32f30x_adc.o(i.ADC_SetChannelOffset4), (32 bytes).
    Removing stm32f30x_adc.o(i.ADC_StartCalibration), (10 bytes).
    Removing stm32f30x_adc.o(i.ADC_StartConversion), (10 bytes).
    Removing stm32f30x_adc.o(i.ADC_StartInjectedConversion), (10 bytes).
    Removing stm32f30x_adc.o(i.ADC_StopConversion), (10 bytes).
    Removing stm32f30x_adc.o(i.ADC_StopInjectedConversion), (10 bytes).
    Removing stm32f30x_adc.o(i.ADC_StructInit), (22 bytes).
    Removing stm32f30x_adc.o(i.ADC_TempSensorCmd), (68 bytes).
    Removing stm32f30x_adc.o(i.ADC_VbatCmd), (68 bytes).
    Removing stm32f30x_adc.o(i.ADC_VoltageRegulatorCmd), (28 bytes).
    Removing stm32f30x_adc.o(i.ADC_VrefintCmd), (68 bytes).
    Removing stm32f30x_can.o(.rev16_text), (4 bytes).
    Removing stm32f30x_can.o(.revsh_text), (4 bytes).
    Removing stm32f30x_can.o(i.CAN_CancelTransmit), (36 bytes).
    Removing stm32f30x_can.o(i.CAN_ClearFlag), (48 bytes).
    Removing stm32f30x_can.o(i.CAN_ClearITPendingBit), (120 bytes).
    Removing stm32f30x_can.o(i.CAN_DBGFreeze), (20 bytes).
    Removing stm32f30x_can.o(i.CAN_DeInit), (24 bytes).
    Removing stm32f30x_can.o(i.CAN_FIFORelease), (22 bytes).
    Removing stm32f30x_can.o(i.CAN_FilterInit), (196 bytes).
    Removing stm32f30x_can.o(i.CAN_GetFlagStatus), (52 bytes).
    Removing stm32f30x_can.o(i.CAN_GetITStatus), (168 bytes).
    Removing stm32f30x_can.o(i.CAN_GetLSBTransmitErrorCounter), (8 bytes).
    Removing stm32f30x_can.o(i.CAN_GetLastErrorCode), (10 bytes).
    Removing stm32f30x_can.o(i.CAN_GetReceiveErrorCounter), (6 bytes).
    Removing stm32f30x_can.o(i.CAN_ITConfig), (16 bytes).
    Removing stm32f30x_can.o(i.CAN_Init), (232 bytes).
    Removing stm32f30x_can.o(i.CAN_MessagePending), (22 bytes).
    Removing stm32f30x_can.o(i.CAN_OperatingModeRequest), (140 bytes).
    Removing stm32f30x_can.o(i.CAN_Receive), (126 bytes).
    Removing stm32f30x_can.o(i.CAN_SlaveStartBank), (44 bytes).
    Removing stm32f30x_can.o(i.CAN_Sleep), (30 bytes).
    Removing stm32f30x_can.o(i.CAN_StructInit), (32 bytes).
    Removing stm32f30x_can.o(i.CAN_TTComModeCmd), (90 bytes).
    Removing stm32f30x_can.o(i.CAN_Transmit), (152 bytes).
    Removing stm32f30x_can.o(i.CAN_TransmitStatus), (112 bytes).
    Removing stm32f30x_can.o(i.CAN_WakeUp), (42 bytes).
    Removing stm32f30x_can.o(i.CheckITStatus), (12 bytes).
    Removing stm32f30x_comp.o(.rev16_text), (4 bytes).
    Removing stm32f30x_comp.o(.revsh_text), (4 bytes).
    Removing stm32f30x_comp.o(i.COMP_Cmd), (28 bytes).
    Removing stm32f30x_comp.o(i.COMP_DeInit), (16 bytes).
    Removing stm32f30x_comp.o(i.COMP_GetOutputLevel), (24 bytes).
    Removing stm32f30x_comp.o(i.COMP_Init), (48 bytes).
    Removing stm32f30x_comp.o(i.COMP_LockConfig), (20 bytes).
    Removing stm32f30x_comp.o(i.COMP_StructInit), (20 bytes).
    Removing stm32f30x_comp.o(i.COMP_SwitchCmd), (28 bytes).
    Removing stm32f30x_comp.o(i.COMP_WindowCmd), (28 bytes).
    Removing stm32f30x_crc.o(.rev16_text), (4 bytes).
    Removing stm32f30x_crc.o(.revsh_text), (4 bytes).
    Removing stm32f30x_crc.o(i.CRC_CalcBlockCRC), (28 bytes).
    Removing stm32f30x_crc.o(i.CRC_CalcCRC), (12 bytes).
    Removing stm32f30x_crc.o(i.CRC_CalcCRC16bits), (12 bytes).
    Removing stm32f30x_crc.o(i.CRC_CalcCRC8bits), (12 bytes).
    Removing stm32f30x_crc.o(i.CRC_DeInit), (32 bytes).
    Removing stm32f30x_crc.o(i.CRC_GetCRC), (12 bytes).
    Removing stm32f30x_crc.o(i.CRC_GetIDRegister), (12 bytes).
    Removing stm32f30x_crc.o(i.CRC_PolynomialSizeSelect), (20 bytes).
    Removing stm32f30x_crc.o(i.CRC_ResetDR), (16 bytes).
    Removing stm32f30x_crc.o(i.CRC_ReverseInputDataSelect), (20 bytes).
    Removing stm32f30x_crc.o(i.CRC_ReverseOutputDataCmd), (28 bytes).
    Removing stm32f30x_crc.o(i.CRC_SetIDRegister), (12 bytes).
    Removing stm32f30x_crc.o(i.CRC_SetInitRegister), (12 bytes).
    Removing stm32f30x_crc.o(i.CRC_SetPolynomial), (12 bytes).
    Removing stm32f30x_dac.o(.rev16_text), (4 bytes).
    Removing stm32f30x_dac.o(.revsh_text), (4 bytes).
    Removing stm32f30x_dac.o(i.DAC_ClearFlag), (12 bytes).
    Removing stm32f30x_dac.o(i.DAC_ClearITPendingBit), (12 bytes).
    Removing stm32f30x_dac.o(i.DAC_Cmd), (24 bytes).
    Removing stm32f30x_dac.o(i.DAC_DMACmd), (24 bytes).
    Removing stm32f30x_dac.o(i.DAC_DeInit), (24 bytes).
    Removing stm32f30x_dac.o(i.DAC_DualSoftwareTriggerCmd), (28 bytes).
    Removing stm32f30x_dac.o(i.DAC_GetDataOutputValue), (16 bytes).
    Removing stm32f30x_dac.o(i.DAC_GetFlagStatus), (24 bytes).
    Removing stm32f30x_dac.o(i.DAC_GetITStatus), (36 bytes).
    Removing stm32f30x_dac.o(i.DAC_ITConfig), (24 bytes).
    Removing stm32f30x_dac.o(i.DAC_Init), (40 bytes).
    Removing stm32f30x_dac.o(i.DAC_SetChannel1Data), (12 bytes).
    Removing stm32f30x_dac.o(i.DAC_SetChannel2Data), (12 bytes).
    Removing stm32f30x_dac.o(i.DAC_SetDualChannelData), (28 bytes).
    Removing stm32f30x_dac.o(i.DAC_SoftwareTriggerCmd), (28 bytes).
    Removing stm32f30x_dac.o(i.DAC_StructInit), (12 bytes).
    Removing stm32f30x_dac.o(i.DAC_WaveGenerationCmd), (24 bytes).
    Removing stm32f30x_dbgmcu.o(.rev16_text), (4 bytes).
    Removing stm32f30x_dbgmcu.o(.revsh_text), (4 bytes).
    Removing stm32f30x_dbgmcu.o(i.DBGMCU_APB1PeriphConfig), (24 bytes).
    Removing stm32f30x_dbgmcu.o(i.DBGMCU_APB2PeriphConfig), (24 bytes).
    Removing stm32f30x_dbgmcu.o(i.DBGMCU_Config), (24 bytes).
    Removing stm32f30x_dbgmcu.o(i.DBGMCU_GetDEVID), (16 bytes).
    Removing stm32f30x_dbgmcu.o(i.DBGMCU_GetREVID), (12 bytes).
    Removing stm32f30x_dma.o(.rev16_text), (4 bytes).
    Removing stm32f30x_dma.o(.revsh_text), (4 bytes).
    Removing stm32f30x_dma.o(i.DMA_ClearFlag), (24 bytes).
    Removing stm32f30x_dma.o(i.DMA_ClearITPendingBit), (24 bytes).
    Removing stm32f30x_dma.o(i.DMA_Cmd), (22 bytes).
    Removing stm32f30x_dma.o(i.DMA_DeInit), (228 bytes).
    Removing stm32f30x_dma.o(i.DMA_GetCurrDataCounter), (6 bytes).
    Removing stm32f30x_dma.o(i.DMA_GetFlagStatus), (32 bytes).
    Removing stm32f30x_dma.o(i.DMA_GetITStatus), (32 bytes).
    Removing stm32f30x_dma.o(i.DMA_ITConfig), (16 bytes).
    Removing stm32f30x_dma.o(i.DMA_Init), (58 bytes).
    Removing stm32f30x_dma.o(i.DMA_SetCurrDataCounter), (4 bytes).
    Removing stm32f30x_dma.o(i.DMA_StructInit), (26 bytes).
    Removing stm32f30x_exti.o(.rev16_text), (4 bytes).
    Removing stm32f30x_exti.o(.revsh_text), (4 bytes).
    Removing stm32f30x_exti.o(i.EXTI_ClearFlag), (24 bytes).
    Removing stm32f30x_exti.o(i.EXTI_DeInit), (72 bytes).
    Removing stm32f30x_exti.o(i.EXTI_GenerateSWInterrupt), (28 bytes).
    Removing stm32f30x_exti.o(i.EXTI_GetFlagStatus), (32 bytes).
    Removing stm32f30x_exti.o(i.EXTI_StructInit), (14 bytes).
    Removing stm32f30x_flash.o(.rev16_text), (4 bytes).
    Removing stm32f30x_flash.o(.revsh_text), (4 bytes).
    Removing stm32f30x_flash.o(i.FLASH_ClearFlag), (12 bytes).
    Removing stm32f30x_flash.o(i.FLASH_EraseAllPages), (56 bytes).
    Removing stm32f30x_flash.o(i.FLASH_ErasePage), (60 bytes).
    Removing stm32f30x_flash.o(i.FLASH_GetFlagStatus), (20 bytes).
    Removing stm32f30x_flash.o(i.FLASH_GetStatus), (40 bytes).
    Removing stm32f30x_flash.o(i.FLASH_HalfCycleAccessCmd), (28 bytes).
    Removing stm32f30x_flash.o(i.FLASH_ITConfig), (24 bytes).
    Removing stm32f30x_flash.o(i.FLASH_Lock), (16 bytes).
    Removing stm32f30x_flash.o(i.FLASH_OB_BOOTConfig), (80 bytes).
    Removing stm32f30x_flash.o(i.FLASH_OB_EnableWRP), (92 bytes).
    Removing stm32f30x_flash.o(i.FLASH_OB_Erase), (104 bytes).
    Removing stm32f30x_flash.o(i.FLASH_OB_GetRDP), (20 bytes).
    Removing stm32f30x_flash.o(i.FLASH_OB_GetUser), (16 bytes).
    Removing stm32f30x_flash.o(i.FLASH_OB_GetWRP), (12 bytes).
    Removing stm32f30x_flash.o(i.FLASH_OB_Launch), (16 bytes).
    Removing stm32f30x_flash.o(i.FLASH_OB_Lock), (16 bytes).
    Removing stm32f30x_flash.o(i.FLASH_OB_RDPConfig), (108 bytes).
    Removing stm32f30x_flash.o(i.FLASH_OB_SRAMParityConfig), (64 bytes).
    Removing stm32f30x_flash.o(i.FLASH_OB_Unlock), (32 bytes).
    Removing stm32f30x_flash.o(i.FLASH_OB_UserConfig), (92 bytes).
    Removing stm32f30x_flash.o(i.FLASH_OB_VDDAConfig), (80 bytes).
    Removing stm32f30x_flash.o(i.FLASH_OB_WriteUser), (80 bytes).
    Removing stm32f30x_flash.o(i.FLASH_PrefetchBufferCmd), (28 bytes).
    Removing stm32f30x_flash.o(i.FLASH_ProgramHalfWord), (52 bytes).
    Removing stm32f30x_flash.o(i.FLASH_ProgramOptionByteData), (56 bytes).
    Removing stm32f30x_flash.o(i.FLASH_ProgramWord), (68 bytes).
    Removing stm32f30x_flash.o(i.FLASH_SetLatency), (20 bytes).
    Removing stm32f30x_flash.o(i.FLASH_Unlock), (32 bytes).
    Removing stm32f30x_flash.o(i.FLASH_WaitForLastOperation), (36 bytes).
    Removing stm32f30x_gpio.o(.rev16_text), (4 bytes).
    Removing stm32f30x_gpio.o(.revsh_text), (4 bytes).
    Removing stm32f30x_gpio.o(i.GPIO_DeInit), (112 bytes).
    Removing stm32f30x_gpio.o(i.GPIO_PinLockConfig), (16 bytes).
    Removing stm32f30x_gpio.o(i.GPIO_ReadInputData), (4 bytes).
    Removing stm32f30x_gpio.o(i.GPIO_ReadOutputData), (4 bytes).
    Removing stm32f30x_gpio.o(i.GPIO_ReadOutputDataBit), (14 bytes).
    Removing stm32f30x_gpio.o(i.GPIO_ResetBits), (4 bytes).
    Removing stm32f30x_gpio.o(i.GPIO_SetBits), (4 bytes).
    Removing stm32f30x_gpio.o(i.GPIO_StructInit), (20 bytes).
    Removing stm32f30x_gpio.o(i.GPIO_Write), (4 bytes).
    Removing stm32f30x_gpio.o(i.GPIO_WriteBit), (10 bytes).
    Removing stm32f30x_i2c.o(.rev16_text), (4 bytes).
    Removing stm32f30x_i2c.o(.revsh_text), (4 bytes).
    Removing stm32f30x_i2c.o(i.I2C_10BitAddressHeaderCmd), (20 bytes).
    Removing stm32f30x_i2c.o(i.I2C_10BitAddressingModeCmd), (20 bytes).
    Removing stm32f30x_i2c.o(i.I2C_AcknowledgeConfig), (20 bytes).
    Removing stm32f30x_i2c.o(i.I2C_AutoEndCmd), (20 bytes).
    Removing stm32f30x_i2c.o(i.I2C_CalculatePEC), (20 bytes).
    Removing stm32f30x_i2c.o(i.I2C_ClearFlag), (4 bytes).
    Removing stm32f30x_i2c.o(i.I2C_ClearITPendingBit), (4 bytes).
    Removing stm32f30x_i2c.o(i.I2C_ClockTimeoutCmd), (20 bytes).
    Removing stm32f30x_i2c.o(i.I2C_Cmd), (20 bytes).
    Removing stm32f30x_i2c.o(i.I2C_DMACmd), (16 bytes).
    Removing stm32f30x_i2c.o(i.I2C_DeInit), (44 bytes).
    Removing stm32f30x_i2c.o(i.I2C_DualAddressCmd), (20 bytes).
    Removing stm32f30x_i2c.o(i.I2C_ExtendedClockTimeoutCmd), (20 bytes).
    Removing stm32f30x_i2c.o(i.I2C_GeneralCallCmd), (20 bytes).
    Removing stm32f30x_i2c.o(i.I2C_GenerateSTART), (20 bytes).
    Removing stm32f30x_i2c.o(i.I2C_GenerateSTOP), (20 bytes).
    Removing stm32f30x_i2c.o(i.I2C_GetAddressMatched), (10 bytes).
    Removing stm32f30x_i2c.o(i.I2C_GetFlagStatus), (14 bytes).
    Removing stm32f30x_i2c.o(i.I2C_GetITStatus), (46 bytes).
    Removing stm32f30x_i2c.o(i.I2C_GetPEC), (6 bytes).
    Removing stm32f30x_i2c.o(i.I2C_GetTransferDirection), (18 bytes).
    Removing stm32f30x_i2c.o(i.I2C_ITConfig), (16 bytes).
    Removing stm32f30x_i2c.o(i.I2C_IdleClockTimeoutCmd), (20 bytes).
    Removing stm32f30x_i2c.o(i.I2C_Init), (96 bytes).
    Removing stm32f30x_i2c.o(i.I2C_MasterRequestConfig), (20 bytes).
    Removing stm32f30x_i2c.o(i.I2C_NumberOfBytesConfig), (14 bytes).
    Removing stm32f30x_i2c.o(i.I2C_OwnAddress2Config), (30 bytes).
    Removing stm32f30x_i2c.o(i.I2C_PECRequestCmd), (20 bytes).
    Removing stm32f30x_i2c.o(i.I2C_ReadRegister), (4 bytes).
    Removing stm32f30x_i2c.o(i.I2C_ReceiveData), (6 bytes).
    Removing stm32f30x_i2c.o(i.I2C_ReloadCmd), (20 bytes).
    Removing stm32f30x_i2c.o(i.I2C_SMBusAlertCmd), (20 bytes).
    Removing stm32f30x_i2c.o(i.I2C_SendData), (4 bytes).
    Removing stm32f30x_i2c.o(i.I2C_SlaveAddressConfig), (16 bytes).
    Removing stm32f30x_i2c.o(i.I2C_SlaveByteControlCmd), (20 bytes).
    Removing stm32f30x_i2c.o(i.I2C_SoftwareResetCmd), (20 bytes).
    Removing stm32f30x_i2c.o(i.I2C_StopModeCmd), (20 bytes).
    Removing stm32f30x_i2c.o(i.I2C_StretchClockCmd), (20 bytes).
    Removing stm32f30x_i2c.o(i.I2C_StructInit), (22 bytes).
    Removing stm32f30x_i2c.o(i.I2C_TimeoutAConfig), (16 bytes).
    Removing stm32f30x_i2c.o(i.I2C_TimeoutBConfig), (24 bytes).
    Removing stm32f30x_i2c.o(i.I2C_TransferHandling), (32 bytes).
    Removing stm32f30x_iwdg.o(.rev16_text), (4 bytes).
    Removing stm32f30x_iwdg.o(.revsh_text), (4 bytes).
    Removing stm32f30x_iwdg.o(i.IWDG_Enable), (16 bytes).
    Removing stm32f30x_iwdg.o(i.IWDG_GetFlagStatus), (20 bytes).
    Removing stm32f30x_iwdg.o(i.IWDG_ReloadCounter), (16 bytes).
    Removing stm32f30x_iwdg.o(i.IWDG_SetPrescaler), (12 bytes).
    Removing stm32f30x_iwdg.o(i.IWDG_SetReload), (12 bytes).
    Removing stm32f30x_iwdg.o(i.IWDG_SetWindowValue), (12 bytes).
    Removing stm32f30x_iwdg.o(i.IWDG_WriteAccessCmd), (12 bytes).
    Removing stm32f30x_misc.o(.rev16_text), (4 bytes).
    Removing stm32f30x_misc.o(.revsh_text), (4 bytes).
    Removing stm32f30x_misc.o(i.NVIC_PriorityGroupConfig), (20 bytes).
    Removing stm32f30x_misc.o(i.NVIC_SetVectorTable), (20 bytes).
    Removing stm32f30x_misc.o(i.NVIC_SystemLPConfig), (24 bytes).
    Removing stm32f30x_misc.o(i.SysTick_CLKSourceConfig), (24 bytes).
    Removing stm32f30x_opamp.o(.rev16_text), (4 bytes).
    Removing stm32f30x_opamp.o(.revsh_text), (4 bytes).
    Removing stm32f30x_opamp.o(i.OPAMP_Cmd), (28 bytes).
    Removing stm32f30x_opamp.o(i.OPAMP_DeInit), (16 bytes).
    Removing stm32f30x_opamp.o(i.OPAMP_GetOutputLevel), (24 bytes).
    Removing stm32f30x_opamp.o(i.OPAMP_Init), (28 bytes).
    Removing stm32f30x_opamp.o(i.OPAMP_LockConfig), (20 bytes).
    Removing stm32f30x_opamp.o(i.OPAMP_OffsetTrimConfig), (28 bytes).
    Removing stm32f30x_opamp.o(i.OPAMP_OffsetTrimModeSelect), (24 bytes).
    Removing stm32f30x_opamp.o(i.OPAMP_PGAConfig), (28 bytes).
    Removing stm32f30x_opamp.o(i.OPAMP_StartCalibration), (28 bytes).
    Removing stm32f30x_opamp.o(i.OPAMP_StructInit), (8 bytes).
    Removing stm32f30x_opamp.o(i.OPAMP_TimerControlledMuxCmd), (28 bytes).
    Removing stm32f30x_opamp.o(i.OPAMP_TimerControlledMuxConfig), (32 bytes).
    Removing stm32f30x_opamp.o(i.OPAMP_VrefConfig), (20 bytes).
    Removing stm32f30x_opamp.o(i.OPAMP_VrefConnectADCCmd), (28 bytes).
    Removing stm32f30x_opamp.o(i.OPAMP_VrefConnectNonInvertingInput), (28 bytes).
    Removing stm32f30x_pwr.o(.rev16_text), (4 bytes).
    Removing stm32f30x_pwr.o(.revsh_text), (4 bytes).
    Removing stm32f30x_pwr.o(i.PWR_BackupAccessCmd), (12 bytes).
    Removing stm32f30x_pwr.o(i.PWR_ClearFlag), (16 bytes).
    Removing stm32f30x_pwr.o(i.PWR_DeInit), (24 bytes).
    Removing stm32f30x_pwr.o(i.PWR_EnterSTANDBYMode), (40 bytes).
    Removing stm32f30x_pwr.o(i.PWR_EnterSTOPMode), (52 bytes).
    Removing stm32f30x_pwr.o(i.PWR_EnterSleepMode), (28 bytes).
    Removing stm32f30x_pwr.o(i.PWR_GetFlagStatus), (20 bytes).
    Removing stm32f30x_pwr.o(i.PWR_PVDCmd), (12 bytes).
    Removing stm32f30x_pwr.o(i.PWR_PVDLevelConfig), (20 bytes).
    Removing stm32f30x_pwr.o(i.PWR_WakeUpPinCmd), (24 bytes).
    Removing stm32f30x_rcc.o(.rev16_text), (4 bytes).
    Removing stm32f30x_rcc.o(.revsh_text), (4 bytes).
    Removing stm32f30x_rcc.o(i.RCC_ADCCLKConfig), (32 bytes).
    Removing stm32f30x_rcc.o(i.RCC_AHBPeriphResetCmd), (24 bytes).
    Removing stm32f30x_rcc.o(i.RCC_APB1PeriphClockCmd), (24 bytes).
    Removing stm32f30x_rcc.o(i.RCC_APB1PeriphResetCmd), (24 bytes).
    Removing stm32f30x_rcc.o(i.RCC_APB2PeriphResetCmd), (24 bytes).
    Removing stm32f30x_rcc.o(i.RCC_AdjustHSICalibrationValue), (20 bytes).
    Removing stm32f30x_rcc.o(i.RCC_BackupResetCmd), (12 bytes).
    Removing stm32f30x_rcc.o(i.RCC_ClearFlag), (16 bytes).
    Removing stm32f30x_rcc.o(i.RCC_ClearITPendingBit), (12 bytes).
    Removing stm32f30x_rcc.o(i.RCC_ClockSecuritySystemCmd), (12 bytes).
    Removing stm32f30x_rcc.o(i.RCC_DeInit), (80 bytes).
    Removing stm32f30x_rcc.o(i.RCC_GetClocksFreq), (592 bytes).
    Removing stm32f30x_rcc.o(i.RCC_GetFlagStatus), (52 bytes).
    Removing stm32f30x_rcc.o(i.RCC_GetITStatus), (20 bytes).
    Removing stm32f30x_rcc.o(i.RCC_GetSYSCLKSource), (16 bytes).
    Removing stm32f30x_rcc.o(i.RCC_HCLKConfig), (20 bytes).
    Removing stm32f30x_rcc.o(i.RCC_HSEConfig), (16 bytes).
    Removing stm32f30x_rcc.o(i.RCC_HSICmd), (12 bytes).
    Removing stm32f30x_rcc.o(i.RCC_I2CCLKConfig), (32 bytes).
    Removing stm32f30x_rcc.o(i.RCC_I2SCLKConfig), (12 bytes).
    Removing stm32f30x_rcc.o(i.RCC_ITConfig), (24 bytes).
    Removing stm32f30x_rcc.o(i.RCC_LSEConfig), (32 bytes).
    Removing stm32f30x_rcc.o(i.RCC_LSEDriveConfig), (24 bytes).
    Removing stm32f30x_rcc.o(i.RCC_LSICmd), (12 bytes).
    Removing stm32f30x_rcc.o(i.RCC_MCOConfig), (12 bytes).
    Removing stm32f30x_rcc.o(i.RCC_PCLK1Config), (20 bytes).
    Removing stm32f30x_rcc.o(i.RCC_PCLK2Config), (20 bytes).
    Removing stm32f30x_rcc.o(i.RCC_PLLCmd), (12 bytes).
    Removing stm32f30x_rcc.o(i.RCC_PLLConfig), (24 bytes).
    Removing stm32f30x_rcc.o(i.RCC_PREDIV1Config), (20 bytes).
    Removing stm32f30x_rcc.o(i.RCC_RTCCLKCmd), (12 bytes).
    Removing stm32f30x_rcc.o(i.RCC_RTCCLKConfig), (16 bytes).
    Removing stm32f30x_rcc.o(i.RCC_SYSCLKConfig), (20 bytes).
    Removing stm32f30x_rcc.o(i.RCC_TIMCLKConfig), (32 bytes).
    Removing stm32f30x_rcc.o(i.RCC_USARTCLKConfig), (72 bytes).
    Removing stm32f30x_rcc.o(i.RCC_USBCLKConfig), (12 bytes).
    Removing stm32f30x_rcc.o(i.RCC_WaitForHSEStartUp), (38 bytes).
    Removing stm32f30x_rcc.o(.data), (42 bytes).
    Removing stm32f30x_rtc.o(.rev16_text), (4 bytes).
    Removing stm32f30x_rtc.o(.revsh_text), (4 bytes).
    Removing stm32f30x_rtc.o(i.RTC_AlarmCmd), (76 bytes).
    Removing stm32f30x_rtc.o(i.RTC_AlarmStructInit), (20 bytes).
    Removing stm32f30x_rtc.o(i.RTC_AlarmSubSecondConfig), (44 bytes).
    Removing stm32f30x_rtc.o(i.RTC_Bcd2ToByte), (18 bytes).
    Removing stm32f30x_rtc.o(i.RTC_BypassShadowCmd), (44 bytes).
    Removing stm32f30x_rtc.o(i.RTC_ByteToBcd2), (24 bytes).
    Removing stm32f30x_rtc.o(i.RTC_CalibOutputCmd), (44 bytes).
    Removing stm32f30x_rtc.o(i.RTC_CalibOutputConfig), (40 bytes).
    Removing stm32f30x_rtc.o(i.RTC_ClearFlag), (28 bytes).
    Removing stm32f30x_rtc.o(i.RTC_ClearITPendingBit), (28 bytes).
    Removing stm32f30x_rtc.o(i.RTC_DateStructInit), (14 bytes).
    Removing stm32f30x_rtc.o(i.RTC_DayLightSavingConfig), (44 bytes).
    Removing stm32f30x_rtc.o(i.RTC_DeInit), (164 bytes).
    Removing stm32f30x_rtc.o(i.RTC_EnterInitMode), (52 bytes).
    Removing stm32f30x_rtc.o(i.RTC_ExitInitMode), (16 bytes).
    Removing stm32f30x_rtc.o(i.RTC_GetAlarm), (108 bytes).
    Removing stm32f30x_rtc.o(i.RTC_GetAlarmSubSecond), (28 bytes).
    Removing stm32f30x_rtc.o(i.RTC_GetDate), (72 bytes).
    Removing stm32f30x_rtc.o(i.RTC_GetFlagStatus), (28 bytes).
    Removing stm32f30x_rtc.o(i.RTC_GetITStatus), (64 bytes).
    Removing stm32f30x_rtc.o(i.RTC_GetStoreOperation), (16 bytes).
    Removing stm32f30x_rtc.o(i.RTC_GetSubSecond), (16 bytes).
    Removing stm32f30x_rtc.o(i.RTC_GetTime), (76 bytes).
    Removing stm32f30x_rtc.o(i.RTC_GetTimeStamp), (136 bytes).
    Removing stm32f30x_rtc.o(i.RTC_GetTimeStampSubSecond), (12 bytes).
    Removing stm32f30x_rtc.o(i.RTC_GetWakeUpCounter), (12 bytes).
    Removing stm32f30x_rtc.o(i.RTC_ITConfig), (64 bytes).
    Removing stm32f30x_rtc.o(i.RTC_Init), (80 bytes).
    Removing stm32f30x_rtc.o(i.RTC_OutputConfig), (44 bytes).
    Removing stm32f30x_rtc.o(i.RTC_OutputTypeConfig), (24 bytes).
    Removing stm32f30x_rtc.o(i.RTC_ReadBackupRegister), (12 bytes).
    Removing stm32f30x_rtc.o(i.RTC_RefClockCmd), (60 bytes).
    Removing stm32f30x_rtc.o(i.RTC_SetAlarm), (164 bytes).
    Removing stm32f30x_rtc.o(i.RTC_SetDate), (156 bytes).
    Removing stm32f30x_rtc.o(i.RTC_SetTime), (160 bytes).
    Removing stm32f30x_rtc.o(i.RTC_SetWakeUpCounter), (28 bytes).
    Removing stm32f30x_rtc.o(i.RTC_SmoothCalibConfig), (76 bytes).
    Removing stm32f30x_rtc.o(i.RTC_StructInit), (14 bytes).
    Removing stm32f30x_rtc.o(i.RTC_SynchroShiftConfig), (88 bytes).
    Removing stm32f30x_rtc.o(i.RTC_TamperCmd), (24 bytes).
    Removing stm32f30x_rtc.o(i.RTC_TamperFilterConfig), (24 bytes).
    Removing stm32f30x_rtc.o(i.RTC_TamperPinsPrechargeDuration), (24 bytes).
    Removing stm32f30x_rtc.o(i.RTC_TamperPullUpCmd), (28 bytes).
    Removing stm32f30x_rtc.o(i.RTC_TamperSamplingFreqConfig), (24 bytes).
    Removing stm32f30x_rtc.o(i.RTC_TamperTriggerConfig), (28 bytes).
    Removing stm32f30x_rtc.o(i.RTC_TimeStampCmd), (48 bytes).
    Removing stm32f30x_rtc.o(i.RTC_TimeStampOnTamperDetectionCmd), (28 bytes).
    Removing stm32f30x_rtc.o(i.RTC_TimeStructInit), (12 bytes).
    Removing stm32f30x_rtc.o(i.RTC_WaitForSynchro), (80 bytes).
    Removing stm32f30x_rtc.o(i.RTC_WakeUpClockConfig), (40 bytes).
    Removing stm32f30x_rtc.o(i.RTC_WakeUpCmd), (84 bytes).
    Removing stm32f30x_rtc.o(i.RTC_WriteBackupRegister), (12 bytes).
    Removing stm32f30x_rtc.o(i.RTC_WriteProtectionCmd), (24 bytes).
    Removing stm32f30x_spi.o(.rev16_text), (4 bytes).
    Removing stm32f30x_spi.o(.revsh_text), (4 bytes).
    Removing stm32f30x_spi.o(i.I2S_Cmd), (20 bytes).
    Removing stm32f30x_spi.o(i.I2S_FullDuplexConfig), (58 bytes).
    Removing stm32f30x_spi.o(i.I2S_Init), (152 bytes).
    Removing stm32f30x_spi.o(i.I2S_StructInit), (18 bytes).
    Removing stm32f30x_spi.o(i.SPI_BiDirectionalLineConfig), (22 bytes).
    Removing stm32f30x_spi.o(i.SPI_CRCLengthConfig), (16 bytes).
    Removing stm32f30x_spi.o(i.SPI_CalculateCRC), (20 bytes).
    Removing stm32f30x_spi.o(i.SPI_Cmd), (20 bytes).
    Removing stm32f30x_spi.o(i.SPI_DataSizeConfig), (12 bytes).
    Removing stm32f30x_spi.o(i.SPI_GetCRC), (12 bytes).
    Removing stm32f30x_spi.o(i.SPI_GetCRCPolynomial), (4 bytes).
    Removing stm32f30x_spi.o(i.SPI_GetReceptionFIFOStatus), (8 bytes).
    Removing stm32f30x_spi.o(i.SPI_GetTransmissionFIFOStatus), (8 bytes).
    Removing stm32f30x_spi.o(i.SPI_I2S_ClearFlag), (6 bytes).
    Removing stm32f30x_spi.o(i.SPI_I2S_DMACmd), (16 bytes).
    Removing stm32f30x_spi.o(i.SPI_I2S_DeInit), (84 bytes).
    Removing stm32f30x_spi.o(i.SPI_I2S_GetFlagStatus), (14 bytes).
    Removing stm32f30x_spi.o(i.SPI_I2S_GetITStatus), (42 bytes).
    Removing stm32f30x_spi.o(i.SPI_I2S_ITConfig), (24 bytes).
    Removing stm32f30x_spi.o(i.SPI_I2S_ReceiveData16), (4 bytes).
    Removing stm32f30x_spi.o(i.SPI_I2S_SendData16), (4 bytes).
    Removing stm32f30x_spi.o(i.SPI_Init), (122 bytes).
    Removing stm32f30x_spi.o(i.SPI_LastDMATransferCmd), (16 bytes).
    Removing stm32f30x_spi.o(i.SPI_NSSInternalSoftwareConfig), (24 bytes).
    Removing stm32f30x_spi.o(i.SPI_NSSPulseModeCmd), (20 bytes).
    Removing stm32f30x_spi.o(i.SPI_ReceiveData8), (4 bytes).
    Removing stm32f30x_spi.o(i.SPI_RxFIFOThresholdConfig), (16 bytes).
    Removing stm32f30x_spi.o(i.SPI_SSOutputCmd), (20 bytes).
    Removing stm32f30x_spi.o(i.SPI_SendData8), (4 bytes).
    Removing stm32f30x_spi.o(i.SPI_StructInit), (28 bytes).
    Removing stm32f30x_spi.o(i.SPI_TIModeCmd), (20 bytes).
    Removing stm32f30x_spi.o(i.SPI_TransmitCRC), (10 bytes).
    Removing stm32f30x_syscfg.o(.rev16_text), (4 bytes).
    Removing stm32f30x_syscfg.o(.revsh_text), (4 bytes).
    Removing stm32f30x_syscfg.o(i.SYSCFG_BreakConfig), (16 bytes).
    Removing stm32f30x_syscfg.o(i.SYSCFG_BypassParityCheckDisable), (12 bytes).
    Removing stm32f30x_syscfg.o(i.SYSCFG_ClearFlag), (16 bytes).
    Removing stm32f30x_syscfg.o(i.SYSCFG_DMAChannelRemapConfig), (24 bytes).
    Removing stm32f30x_syscfg.o(i.SYSCFG_DeInit), (40 bytes).
    Removing stm32f30x_syscfg.o(i.SYSCFG_EncoderRemapConfig), (24 bytes).
    Removing stm32f30x_syscfg.o(i.SYSCFG_GetFlagStatus), (20 bytes).
    Removing stm32f30x_syscfg.o(i.SYSCFG_I2CFastModePlusConfig), (24 bytes).
    Removing stm32f30x_syscfg.o(i.SYSCFG_ITConfig), (24 bytes).
    Removing stm32f30x_syscfg.o(i.SYSCFG_MemoryRemapConfig), (20 bytes).
    Removing stm32f30x_syscfg.o(i.SYSCFG_SRAMWRPEnable), (16 bytes).
    Removing stm32f30x_syscfg.o(i.SYSCFG_TriggerRemapConfig), (24 bytes).
    Removing stm32f30x_syscfg.o(i.SYSCFG_USBInterruptLineRemapCmd), (12 bytes).
    Removing stm32f30x_tim.o(.rev16_text), (4 bytes).
    Removing stm32f30x_tim.o(.revsh_text), (4 bytes).
    Removing stm32f30x_tim.o(i.TI1_Config), (40 bytes).
    Removing stm32f30x_tim.o(i.TI2_Config), (54 bytes).
    Removing stm32f30x_tim.o(i.TIM_BDTRConfig), (32 bytes).
    Removing stm32f30x_tim.o(i.TIM_BDTRStructInit), (18 bytes).
    Removing stm32f30x_tim.o(i.TIM_Break1Cmd), (20 bytes).
    Removing stm32f30x_tim.o(i.TIM_Break1Config), (20 bytes).
    Removing stm32f30x_tim.o(i.TIM_Break2Cmd), (20 bytes).
    Removing stm32f30x_tim.o(i.TIM_Break2Config), (20 bytes).
    Removing stm32f30x_tim.o(i.TIM_CCPreloadControl), (22 bytes).
    Removing stm32f30x_tim.o(i.TIM_CCxCmd), (22 bytes).
    Removing stm32f30x_tim.o(i.TIM_CCxNCmd), (22 bytes).
    Removing stm32f30x_tim.o(i.TIM_ClearFlag), (8 bytes).
    Removing stm32f30x_tim.o(i.TIM_ClearITPendingBit), (8 bytes).
    Removing stm32f30x_tim.o(i.TIM_ClearOC1Ref), (12 bytes).
    Removing stm32f30x_tim.o(i.TIM_ClearOC2Ref), (14 bytes).
    Removing stm32f30x_tim.o(i.TIM_ClearOC3Ref), (12 bytes).
    Removing stm32f30x_tim.o(i.TIM_ClearOC4Ref), (14 bytes).
    Removing stm32f30x_tim.o(i.TIM_ClearOC5Ref), (12 bytes).
    Removing stm32f30x_tim.o(i.TIM_ClearOC6Ref), (14 bytes).
    Removing stm32f30x_tim.o(i.TIM_CounterModeConfig), (12 bytes).
    Removing stm32f30x_tim.o(i.TIM_DMACmd), (20 bytes).
    Removing stm32f30x_tim.o(i.TIM_DMAConfig), (8 bytes).
    Removing stm32f30x_tim.o(i.TIM_DeInit), (224 bytes).
    Removing stm32f30x_tim.o(i.TIM_ETRClockMode1Config), (20 bytes).
    Removing stm32f30x_tim.o(i.TIM_ETRClockMode2Config), (18 bytes).
    Removing stm32f30x_tim.o(i.TIM_ETRConfig), (24 bytes).
    Removing stm32f30x_tim.o(i.TIM_EncoderInterfaceConfig), (56 bytes).
    Removing stm32f30x_tim.o(i.TIM_ForcedOC1Config), (16 bytes).
    Removing stm32f30x_tim.o(i.TIM_ForcedOC2Config), (20 bytes).
    Removing stm32f30x_tim.o(i.TIM_ForcedOC3Config), (12 bytes).
    Removing stm32f30x_tim.o(i.TIM_ForcedOC4Config), (14 bytes).
    Removing stm32f30x_tim.o(i.TIM_ForcedOC5Config), (12 bytes).
    Removing stm32f30x_tim.o(i.TIM_ForcedOC6Config), (14 bytes).
    Removing stm32f30x_tim.o(i.TIM_GenerateEvent), (4 bytes).
    Removing stm32f30x_tim.o(i.TIM_GetCapture1), (4 bytes).
    Removing stm32f30x_tim.o(i.TIM_GetCapture2), (4 bytes).
    Removing stm32f30x_tim.o(i.TIM_GetCapture3), (4 bytes).
    Removing stm32f30x_tim.o(i.TIM_GetCapture4), (4 bytes).
    Removing stm32f30x_tim.o(i.TIM_GetCounter), (4 bytes).
    Removing stm32f30x_tim.o(i.TIM_GetFlagStatus), (14 bytes).
    Removing stm32f30x_tim.o(i.TIM_GetITStatus), (24 bytes).
    Removing stm32f30x_tim.o(i.TIM_GetPrescaler), (4 bytes).
    Removing stm32f30x_tim.o(i.TIM_ICInit), (184 bytes).
    Removing stm32f30x_tim.o(i.TIM_ICStructInit), (16 bytes).
    Removing stm32f30x_tim.o(i.TIM_ITConfig), (20 bytes).
    Removing stm32f30x_tim.o(i.TIM_ITRxExternalClockConfig), (18 bytes).
    Removing stm32f30x_tim.o(i.TIM_InternalClockConfig), (12 bytes).
    Removing stm32f30x_tim.o(i.TIM_OC1FastConfig), (12 bytes).
    Removing stm32f30x_tim.o(i.TIM_OC1NPolarityConfig), (12 bytes).
    Removing stm32f30x_tim.o(i.TIM_OC1PolarityConfig), (12 bytes).
    Removing stm32f30x_tim.o(i.TIM_OC2FastConfig), (14 bytes).
    Removing stm32f30x_tim.o(i.TIM_OC2NPolarityConfig), (14 bytes).
    Removing stm32f30x_tim.o(i.TIM_OC2PolarityConfig), (14 bytes).
    Removing stm32f30x_tim.o(i.TIM_OC3FastConfig), (12 bytes).
    Removing stm32f30x_tim.o(i.TIM_OC3NPolarityConfig), (14 bytes).
    Removing stm32f30x_tim.o(i.TIM_OC3PolarityConfig), (14 bytes).
    Removing stm32f30x_tim.o(i.TIM_OC4FastConfig), (14 bytes).
    Removing stm32f30x_tim.o(i.TIM_OC4PolarityConfig), (14 bytes).
    Removing stm32f30x_tim.o(i.TIM_OC5Init), (84 bytes).
    Removing stm32f30x_tim.o(i.TIM_OC5PolarityConfig), (14 bytes).
    Removing stm32f30x_tim.o(i.TIM_OC5PreloadConfig), (12 bytes).
    Removing stm32f30x_tim.o(i.TIM_OC6Init), (80 bytes).
    Removing stm32f30x_tim.o(i.TIM_OC6PolarityConfig), (14 bytes).
    Removing stm32f30x_tim.o(i.TIM_OC6PreloadConfig), (14 bytes).
    Removing stm32f30x_tim.o(i.TIM_OCStructInit), (20 bytes).
    Removing stm32f30x_tim.o(i.TIM_PWMIConfig), (108 bytes).
    Removing stm32f30x_tim.o(i.TIM_PrescalerConfig), (6 bytes).
    Removing stm32f30x_tim.o(i.TIM_RemapConfig), (6 bytes).
    Removing stm32f30x_tim.o(i.TIM_SelectCCDMA), (22 bytes).
    Removing stm32f30x_tim.o(i.TIM_SelectCOM), (22 bytes).
    Removing stm32f30x_tim.o(i.TIM_SelectGC5C1), (20 bytes).
    Removing stm32f30x_tim.o(i.TIM_SelectGC5C2), (20 bytes).
    Removing stm32f30x_tim.o(i.TIM_SelectGC5C3), (20 bytes).
    Removing stm32f30x_tim.o(i.TIM_SelectHallSensor), (22 bytes).
    Removing stm32f30x_tim.o(i.TIM_SelectInputTrigger), (14 bytes).
    Removing stm32f30x_tim.o(i.TIM_SelectMasterSlaveMode), (18 bytes).
    Removing stm32f30x_tim.o(i.TIM_SelectOCREFClear), (18 bytes).
    Removing stm32f30x_tim.o(i.TIM_SelectOCxM), (80 bytes).
    Removing stm32f30x_tim.o(i.TIM_SelectOnePulseMode), (16 bytes).
    Removing stm32f30x_tim.o(i.TIM_SelectOutputTrigger), (18 bytes).
    Removing stm32f30x_tim.o(i.TIM_SelectOutputTrigger2), (16 bytes).
    Removing stm32f30x_tim.o(i.TIM_SelectSlaveMode), (20 bytes).
    Removing stm32f30x_tim.o(i.TIM_SetAutoreload), (4 bytes).
    Removing stm32f30x_tim.o(i.TIM_SetClockDivision), (16 bytes).
    Removing stm32f30x_tim.o(i.TIM_SetCompare5), (4 bytes).
    Removing stm32f30x_tim.o(i.TIM_SetCompare6), (4 bytes).
    Removing stm32f30x_tim.o(i.TIM_SetCounter), (4 bytes).
    Removing stm32f30x_tim.o(i.TIM_SetIC1Prescaler), (16 bytes).
    Removing stm32f30x_tim.o(i.TIM_SetIC2Prescaler), (18 bytes).
    Removing stm32f30x_tim.o(i.TIM_SetIC3Prescaler), (18 bytes).
    Removing stm32f30x_tim.o(i.TIM_SetIC4Prescaler), (26 bytes).
    Removing stm32f30x_tim.o(i.TIM_TIxExternalClockConfig), (44 bytes).
    Removing stm32f30x_tim.o(i.TIM_UIFRemap), (20 bytes).
    Removing stm32f30x_tim.o(i.TIM_UpdateDisableConfig), (20 bytes).
    Removing stm32f30x_tim.o(i.TIM_UpdateRequestConfig), (20 bytes).
    Removing stm32f30x_usart.o(.rev16_text), (4 bytes).
    Removing stm32f30x_usart.o(.revsh_text), (4 bytes).
    Removing stm32f30x_usart.o(i.USART_AddressDetectionConfig), (16 bytes).
    Removing stm32f30x_usart.o(i.USART_AutoBaudRateCmd), (20 bytes).
    Removing stm32f30x_usart.o(i.USART_AutoBaudRateConfig), (16 bytes).
    Removing stm32f30x_usart.o(i.USART_ClearFlag), (4 bytes).
    Removing stm32f30x_usart.o(i.USART_ClearITPendingBit), (10 bytes).
    Removing stm32f30x_usart.o(i.USART_ClockInit), (28 bytes).
    Removing stm32f30x_usart.o(i.USART_ClockStructInit), (12 bytes).
    Removing stm32f30x_usart.o(i.USART_Cmd), (20 bytes).
    Removing stm32f30x_usart.o(i.USART_DECmd), (20 bytes).
    Removing stm32f30x_usart.o(i.USART_DEPolarityConfig), (16 bytes).
    Removing stm32f30x_usart.o(i.USART_DMACmd), (16 bytes).
    Removing stm32f30x_usart.o(i.USART_DMAReceptionErrorConfig), (16 bytes).
    Removing stm32f30x_usart.o(i.USART_DataInvCmd), (20 bytes).
    Removing stm32f30x_usart.o(i.USART_DeInit), (116 bytes).
    Removing stm32f30x_usart.o(i.USART_DirectionModeCmd), (16 bytes).
    Removing stm32f30x_usart.o(i.USART_GetFlagStatus), (14 bytes).
    Removing stm32f30x_usart.o(i.USART_GetITStatus), (58 bytes).
    Removing stm32f30x_usart.o(i.USART_HalfDuplexCmd), (20 bytes).
    Removing stm32f30x_usart.o(i.USART_ITConfig), (40 bytes).
    Removing stm32f30x_usart.o(i.USART_Init), (192 bytes).
    Removing stm32f30x_usart.o(i.USART_InvPinCmd), (16 bytes).
    Removing stm32f30x_usart.o(i.USART_IrDACmd), (20 bytes).
    Removing stm32f30x_usart.o(i.USART_IrDAConfig), (16 bytes).
    Removing stm32f30x_usart.o(i.USART_LINBreakDetectLengthConfig), (16 bytes).
    Removing stm32f30x_usart.o(i.USART_LINCmd), (20 bytes).
    Removing stm32f30x_usart.o(i.USART_MSBFirstCmd), (20 bytes).
    Removing stm32f30x_usart.o(i.USART_MuteModeCmd), (20 bytes).
    Removing stm32f30x_usart.o(i.USART_MuteModeWakeUpConfig), (16 bytes).
    Removing stm32f30x_usart.o(i.USART_OneBitMethodCmd), (20 bytes).
    Removing stm32f30x_usart.o(i.USART_OverSampling8Cmd), (20 bytes).
    Removing stm32f30x_usart.o(i.USART_OverrunDetectionConfig), (16 bytes).
    Removing stm32f30x_usart.o(i.USART_ReceiveData), (8 bytes).
    Removing stm32f30x_usart.o(i.USART_ReceiverTimeOutCmd), (20 bytes).
    Removing stm32f30x_usart.o(i.USART_RequestCmd), (16 bytes).
    Removing stm32f30x_usart.o(i.USART_STOPModeCmd), (20 bytes).
    Removing stm32f30x_usart.o(i.USART_SWAPPinCmd), (20 bytes).
    Removing stm32f30x_usart.o(i.USART_SendData), (8 bytes).
    Removing stm32f30x_usart.o(i.USART_SetAddress), (18 bytes).
    Removing stm32f30x_usart.o(i.USART_SetAutoRetryCount), (18 bytes).
    Removing stm32f30x_usart.o(i.USART_SetBlockLength), (18 bytes).
    Removing stm32f30x_usart.o(i.USART_SetDEAssertionTime), (18 bytes).
    Removing stm32f30x_usart.o(i.USART_SetDEDeassertionTime), (18 bytes).
    Removing stm32f30x_usart.o(i.USART_SetGuardTime), (16 bytes).
    Removing stm32f30x_usart.o(i.USART_SetPrescaler), (16 bytes).
    Removing stm32f30x_usart.o(i.USART_SetReceiverTimeOut), (16 bytes).
    Removing stm32f30x_usart.o(i.USART_SmartCardCmd), (20 bytes).
    Removing stm32f30x_usart.o(i.USART_SmartCardNACKCmd), (20 bytes).
    Removing stm32f30x_usart.o(i.USART_StopModeWakeUpSourceConfig), (16 bytes).
    Removing stm32f30x_usart.o(i.USART_StructInit), (22 bytes).
    Removing stm32f30x_wwdg.o(.rev16_text), (4 bytes).
    Removing stm32f30x_wwdg.o(.revsh_text), (4 bytes).
    Removing stm32f30x_wwdg.o(i.WWDG_ClearFlag), (12 bytes).
    Removing stm32f30x_wwdg.o(i.WWDG_DeInit), (24 bytes).
    Removing stm32f30x_wwdg.o(i.WWDG_Enable), (16 bytes).
    Removing stm32f30x_wwdg.o(i.WWDG_EnableIT), (16 bytes).
    Removing stm32f30x_wwdg.o(i.WWDG_GetFlagStatus), (20 bytes).
    Removing stm32f30x_wwdg.o(i.WWDG_SetCounter), (16 bytes).
    Removing stm32f30x_wwdg.o(i.WWDG_SetPrescaler), (20 bytes).
    Removing stm32f30x_wwdg.o(i.WWDG_SetWindowValue), (24 bytes).

651 unused section(s) (total 20580 bytes) removed from the image.

==============================================================================

Image Symbol Table

    Local Symbols

    Symbol Name                              Value     Ov Type        Size  Object(Section)

    ../clib/microlib/init/entry.s            0x00000000   Number         0  entry7a.o ABSOLUTE
    ../clib/microlib/init/entry.s            0x00000000   Number         0  entry.o ABSOLUTE
    ../clib/microlib/init/entry.s            0x00000000   Number         0  entry8.o ABSOLUTE
    ../clib/microlib/init/entry.s            0x00000000   Number         0  entry7b.o ABSOLUTE
    ../clib/microlib/init/entry.s            0x00000000   Number         0  entry5.o ABSOLUTE
    ../clib/microlib/init/entry.s            0x00000000   Number         0  entry2.o ABSOLUTE
    ../clib/microlib/longlong.c              0x00000000   Number         0  llushr.o ABSOLUTE
    ../clib/microlib/longlong.c              0x00000000   Number         0  llshl.o ABSOLUTE
    ../clib/microlib/stubs.s                 0x00000000   Number         0  iusefp.o ABSOLUTE
    ../fplib/microlib/f2d.c                  0x00000000   Number         0  f2d.o ABSOLUTE
    ../fplib/microlib/fpdiv.c                0x00000000   Number         0  ddiv.o ABSOLUTE
    ../fplib/microlib/fpepilogue.c           0x00000000   Number         0  depilogue.o ABSOLUTE
    ../fplib/microlib/fpfix.c                0x00000000   Number         0  dfixi.o ABSOLUTE
    ../fplib/microlib/fpflt.c                0x00000000   Number         0  dflti.o ABSOLUTE
    Peripherals_source\\stm32f30x_adc.c      0x00000000   Number         0  stm32f30x_adc.o ABSOLUTE
    Peripherals_source\\stm32f30x_can.c      0x00000000   Number         0  stm32f30x_can.o ABSOLUTE
    Peripherals_source\\stm32f30x_comp.c     0x00000000   Number         0  stm32f30x_comp.o ABSOLUTE
    Peripherals_source\\stm32f30x_crc.c      0x00000000   Number         0  stm32f30x_crc.o ABSOLUTE
    Peripherals_source\\stm32f30x_dac.c      0x00000000   Number         0  stm32f30x_dac.o ABSOLUTE
    Peripherals_source\\stm32f30x_dbgmcu.c   0x00000000   Number         0  stm32f30x_dbgmcu.o ABSOLUTE
    Peripherals_source\\stm32f30x_dma.c      0x00000000   Number         0  stm32f30x_dma.o ABSOLUTE
    Peripherals_source\\stm32f30x_exti.c     0x00000000   Number         0  stm32f30x_exti.o ABSOLUTE
    Peripherals_source\\stm32f30x_flash.c    0x00000000   Number         0  stm32f30x_flash.o ABSOLUTE
    Peripherals_source\\stm32f30x_gpio.c     0x00000000   Number         0  stm32f30x_gpio.o ABSOLUTE
    Peripherals_source\\stm32f30x_i2c.c      0x00000000   Number         0  stm32f30x_i2c.o ABSOLUTE
    Peripherals_source\\stm32f30x_iwdg.c     0x00000000   Number         0  stm32f30x_iwdg.o ABSOLUTE
    Peripherals_source\\stm32f30x_misc.c     0x00000000   Number         0  stm32f30x_misc.o ABSOLUTE
    Peripherals_source\\stm32f30x_opamp.c    0x00000000   Number         0  stm32f30x_opamp.o ABSOLUTE
    Peripherals_source\\stm32f30x_pwr.c      0x00000000   Number         0  stm32f30x_pwr.o ABSOLUTE
    Peripherals_source\\stm32f30x_rcc.c      0x00000000   Number         0  stm32f30x_rcc.o ABSOLUTE
    Peripherals_source\\stm32f30x_rtc.c      0x00000000   Number         0  stm32f30x_rtc.o ABSOLUTE
    Peripherals_source\\stm32f30x_spi.c      0x00000000   Number         0  stm32f30x_spi.o ABSOLUTE
    Peripherals_source\\stm32f30x_syscfg.c   0x00000000   Number         0  stm32f30x_syscfg.o ABSOLUTE
    Peripherals_source\\stm32f30x_tim.c      0x00000000   Number         0  stm32f30x_tim.o ABSOLUTE
    Peripherals_source\\stm32f30x_usart.c    0x00000000   Number         0  stm32f30x_usart.o ABSOLUTE
    Peripherals_source\\stm32f30x_wwdg.c     0x00000000   Number         0  stm32f30x_wwdg.o ABSOLUTE
    Peripherals_source\stm32f30x_adc.c       0x00000000   Number         0  stm32f30x_adc.o ABSOLUTE
    Peripherals_source\stm32f30x_can.c       0x00000000   Number         0  stm32f30x_can.o ABSOLUTE
    Peripherals_source\stm32f30x_comp.c      0x00000000   Number         0  stm32f30x_comp.o ABSOLUTE
    Peripherals_source\stm32f30x_crc.c       0x00000000   Number         0  stm32f30x_crc.o ABSOLUTE
    Peripherals_source\stm32f30x_dac.c       0x00000000   Number         0  stm32f30x_dac.o ABSOLUTE
    Peripherals_source\stm32f30x_dbgmcu.c    0x00000000   Number         0  stm32f30x_dbgmcu.o ABSOLUTE
    Peripherals_source\stm32f30x_dma.c       0x00000000   Number         0  stm32f30x_dma.o ABSOLUTE
    Peripherals_source\stm32f30x_exti.c      0x00000000   Number         0  stm32f30x_exti.o ABSOLUTE
    Peripherals_source\stm32f30x_flash.c     0x00000000   Number         0  stm32f30x_flash.o ABSOLUTE
    Peripherals_source\stm32f30x_gpio.c      0x00000000   Number         0  stm32f30x_gpio.o ABSOLUTE
    Peripherals_source\stm32f30x_i2c.c       0x00000000   Number         0  stm32f30x_i2c.o ABSOLUTE
    Peripherals_source\stm32f30x_iwdg.c      0x00000000   Number         0  stm32f30x_iwdg.o ABSOLUTE
    Peripherals_source\stm32f30x_misc.c      0x00000000   Number         0  stm32f30x_misc.o ABSOLUTE
    Peripherals_source\stm32f30x_opamp.c     0x00000000   Number         0  stm32f30x_opamp.o ABSOLUTE
    Peripherals_source\stm32f30x_pwr.c       0x00000000   Number         0  stm32f30x_pwr.o ABSOLUTE
    Peripherals_source\stm32f30x_rcc.c       0x00000000   Number         0  stm32f30x_rcc.o ABSOLUTE
    Peripherals_source\stm32f30x_rtc.c       0x00000000   Number         0  stm32f30x_rtc.o ABSOLUTE
    Peripherals_source\stm32f30x_spi.c       0x00000000   Number         0  stm32f30x_spi.o ABSOLUTE
    Peripherals_source\stm32f30x_syscfg.c    0x00000000   Number         0  stm32f30x_syscfg.o ABSOLUTE
    Peripherals_source\stm32f30x_tim.c       0x00000000   Number         0  stm32f30x_tim.o ABSOLUTE
    Peripherals_source\stm32f30x_usart.c     0x00000000   Number         0  stm32f30x_usart.o ABSOLUTE
    Peripherals_source\stm32f30x_wwdg.c      0x00000000   Number         0  stm32f30x_wwdg.o ABSOLUTE
    STM32F3_Discovery\\stm32f3_discovery.c   0x00000000   Number         0  stm32f3_discovery.o ABSOLUTE
    STM32F3_Discovery\\stm32f3_discovery_l3gd20.c 0x00000000   Number         0  stm32f3_discovery_l3gd20.o ABSOLUTE
    STM32F3_Discovery\\stm32f3_discovery_lsm303dlhc.c 0x00000000   Number         0  stm32f3_discovery_lsm303dlhc.o ABSOLUTE
    STM32F3_Discovery\stm32f3_discovery.c    0x00000000   Number         0  stm32f3_discovery.o ABSOLUTE
    STM32F3_Discovery\stm32f3_discovery_l3gd20.c 0x00000000   Number         0  stm32f3_discovery_l3gd20.o ABSOLUTE
    STM32F3_Discovery\stm32f3_discovery_lsm303dlhc.c 0x00000000   Number         0  stm32f3_discovery_lsm303dlhc.o ABSOLUTE
    dc.s                                     0x00000000   Number         0  dc.o ABSOLUTE
    handlers.s                               0x00000000   Number         0  handlers.o ABSOLUTE
    init.s                                   0x00000000   Number         0  init.o ABSOLUTE
    main\MotorControl.c                      0x00000000   Number         0  motorcontrol.o ABSOLUTE
    main\\MotorControl.c                     0x00000000   Number         0  motorcontrol.o ABSOLUTE
    main\\main.c                             0x00000000   Number         0  main.o ABSOLUTE
    main\\system_stm32f30x.c                 0x00000000   Number         0  system_stm32f30x.o ABSOLUTE
    main\\utils.c                            0x00000000   Number         0  utils.o ABSOLUTE
    main\main.c                              0x00000000   Number         0  main.o ABSOLUTE
    main\system_stm32f30x.c                  0x00000000   Number         0  system_stm32f30x.o ABSOLUTE
    main\utils.c                             0x00000000   Number         0  utils.o ABSOLUTE
    source\\stm32f30x_it.c                   0x00000000   Number         0  stm32f30x_it.o ABSOLUTE
    source\stm32f30x_it.c                    0x00000000   Number         0  stm32f30x_it.o ABSOLUTE
    startup_stm32f30x.s                      0x00000000   Number         0  startup_stm32f30x.o ABSOLUTE
    RESET                                    0x08000000   Section      392  startup_stm32f30x.o(RESET)
    .ARM.Collect$$$$00000000                 0x08000188   Section        0  entry.o(.ARM.Collect$$$$00000000)
    .ARM.Collect$$$$00000001                 0x08000188   Section        4  entry2.o(.ARM.Collect$$$$00000001)
    .ARM.Collect$$$$00000004                 0x0800018c   Section        4  entry5.o(.ARM.Collect$$$$00000004)
    .ARM.Collect$$$$00000008                 0x08000190   Section        0  entry7b.o(.ARM.Collect$$$$00000008)
    .ARM.Collect$$$$00000009                 0x08000190   Section        8  entry8.o(.ARM.Collect$$$$00000009)
    .ARM.Collect$$$$00002712                 0x08000198   Section        4  entry2.o(.ARM.Collect$$$$00002712)
    __lit__00000000                          0x08000198   Data           4  entry2.o(.ARM.Collect$$$$00002712)
    .text                                    0x0800019c   Section       36  startup_stm32f30x.o(.text)
    $v0                                      0x0800019c   Number         0  startup_stm32f30x.o(.text)
    .text                                    0x080001c0   Section        0  ddiv.o(.text)
    .text                                    0x0800029e   Section        0  dflti.o(.text)
    .text                                    0x080002c0   Section        0  dfixi.o(.text)
    .text                                    0x080002fe   Section        0  f2d.o(.text)
    .text                                    0x08000324   Section        0  llushr.o(.text)
    .text                                    0x08000344   Section        0  depilogue.o(.text)
    .text                                    0x08000344   Section        0  iusefp.o(.text)
    .text                                    0x08000404   Section       36  init.o(.text)
    .text                                    0x08000428   Section        0  llshl.o(.text)
    i.BusFault_Handler                       0x08000446   Section        0  stm32f30x_it.o(i.BusFault_Handler)
    i.DebugMon_Handler                       0x08000448   Section        0  stm32f30x_it.o(i.DebugMon_Handler)
    i.Delay                                  0x0800044c   Section        0  utils.o(i.Delay)
    i.EXTI0_IRQHandler                       0x08000460   Section        0  stm32f30x_it.o(i.EXTI0_IRQHandler)
    i.EXTI_ClearITPendingBit                 0x080004b8   Section        0  stm32f30x_exti.o(i.EXTI_ClearITPendingBit)
    i.EXTI_GetITStatus                       0x080004d0   Section        0  stm32f30x_exti.o(i.EXTI_GetITStatus)
    i.EXTI_Init                              0x08000500   Section        0  stm32f30x_exti.o(i.EXTI_Init)
    i.GPIO_Init                              0x080005e0   Section        0  stm32f30x_gpio.o(i.GPIO_Init)
    i.GPIO_PinAFConfig                       0x08000658   Section        0  stm32f30x_gpio.o(i.GPIO_PinAFConfig)
    i.GPIO_ReadInputDataBit                  0x08000678   Section        0  stm32f30x_gpio.o(i.GPIO_ReadInputDataBit)
    i.HardFault_Handler                      0x08000686   Section        0  stm32f30x_it.o(i.HardFault_Handler)
    i.MemManage_Handler                      0x08000688   Section        0  stm32f30x_it.o(i.MemManage_Handler)
    i.NMI_Handler                            0x0800068a   Section        0  stm32f30x_it.o(i.NMI_Handler)
    i.NVIC_Init                              0x0800068c   Section        0  stm32f30x_misc.o(i.NVIC_Init)
    i.PendSV_Handler                         0x080006f0   Section        0  stm32f30x_it.o(i.PendSV_Handler)
    i.RCC_AHBPeriphClockCmd                  0x080006f4   Section        0  stm32f30x_rcc.o(i.RCC_AHBPeriphClockCmd)
    i.RCC_APB2PeriphClockCmd                 0x0800070c   Section        0  stm32f30x_rcc.o(i.RCC_APB2PeriphClockCmd)
    i.STM_EVAL_LEDInit                       0x08000724   Section        0  stm32f3_discovery.o(i.STM_EVAL_LEDInit)
    i.STM_EVAL_LEDOff                        0x0800076c   Section        0  stm32f3_discovery.o(i.STM_EVAL_LEDOff)
    i.STM_EVAL_LEDOn                         0x08000784   Section        0  stm32f3_discovery.o(i.STM_EVAL_LEDOn)
    i.STM_EVAL_PBGetState                    0x0800079c   Section        0  stm32f3_discovery.o(i.STM_EVAL_PBGetState)
    i.STM_EVAL_PBInit                        0x080007b4   Section        0  stm32f3_discovery.o(i.STM_EVAL_PBInit)
    i.SVC_Handler                            0x0800084c   Section        0  stm32f30x_it.o(i.SVC_Handler)
    i.SYSCFG_EXTILineConfig                  0x08000850   Section        0  stm32f30x_syscfg.o(i.SYSCFG_EXTILineConfig)
    i.SetSysClock                            0x08000878   Section        0  system_stm32f30x.o(i.SetSysClock)
    SetSysClock                              0x08000879   Thumb Code   118  system_stm32f30x.o(i.SetSysClock)
    i.SysTick_Handler                        0x080008f8   Section        0  stm32f30x_it.o(i.SysTick_Handler)
    i.SystemInit                             0x08000908   Section        0  system_stm32f30x.o(i.SystemInit)
    i.TIM_ARRPreloadConfig                   0x08000978   Section        0  stm32f30x_tim.o(i.TIM_ARRPreloadConfig)
    i.TIM_Cmd                                0x0800098c   Section        0  stm32f30x_tim.o(i.TIM_Cmd)
    i.TIM_CtrlPWMOutputs                     0x080009a0   Section        0  stm32f30x_tim.o(i.TIM_CtrlPWMOutputs)
    i.TIM_OC1Init                            0x080009b4   Section        0  stm32f30x_tim.o(i.TIM_OC1Init)
    i.TIM_OC1PreloadConfig                   0x08000a3c   Section        0  stm32f30x_tim.o(i.TIM_OC1PreloadConfig)
    i.TIM_OC2Init                            0x08000a48   Section        0  stm32f30x_tim.o(i.TIM_OC2Init)
    i.TIM_OC2PreloadConfig                   0x08000ac0   Section        0  stm32f30x_tim.o(i.TIM_OC2PreloadConfig)
    i.TIM_OC3Init                            0x08000ad0   Section        0  stm32f30x_tim.o(i.TIM_OC3Init)
    i.TIM_OC3PreloadConfig                   0x08000b3c   Section        0  stm32f30x_tim.o(i.TIM_OC3PreloadConfig)
    i.TIM_OC4Init                            0x08000b48   Section        0  stm32f30x_tim.o(i.TIM_OC4Init)
    i.TIM_OC4PreloadConfig                   0x08000b9c   Section        0  stm32f30x_tim.o(i.TIM_OC4PreloadConfig)
    i.TIM_SetCompare1                        0x08000baa   Section        0  stm32f30x_tim.o(i.TIM_SetCompare1)
    i.TIM_SetCompare2                        0x08000bae   Section        0  stm32f30x_tim.o(i.TIM_SetCompare2)
    i.TIM_SetCompare3                        0x08000bb2   Section        0  stm32f30x_tim.o(i.TIM_SetCompare3)
    i.TIM_SetCompare4                        0x08000bb6   Section        0  stm32f30x_tim.o(i.TIM_SetCompare4)
    i.TIM_TimeBaseInit                       0x08000bbc   Section        0  stm32f30x_tim.o(i.TIM_TimeBaseInit)
    i.TIM_TimeBaseStructInit                 0x08000c4c   Section        0  stm32f30x_tim.o(i.TIM_TimeBaseStructInit)
    i.UsageFault_Handler                     0x08000c5e   Section        0  stm32f30x_it.o(i.UsageFault_Handler)
    i.__scatterload_copy                     0x08000c60   Section       14  handlers.o(i.__scatterload_copy)
    i.__scatterload_null                     0x08000c6e   Section        2  handlers.o(i.__scatterload_null)
    i.__scatterload_zeroinit                 0x08000c70   Section       14  handlers.o(i.__scatterload_zeroinit)
    i.init_motors                            0x08000c80   Section        0  motorcontrol.o(i.init_motors)
    i.init_pwm                               0x08000d24   Section        0  motorcontrol.o(i.init_pwm)
    i.init_pwm_gpio                          0x08000e30   Section        0  motorcontrol.o(i.init_pwm_gpio)
    i.main                                   0x08000e70   Section        0  main.o(i.main)
    i.setMotorSpeed                          0x08000fdc   Section        0  motorcontrol.o(i.setMotorSpeed)
    i.set_pwm_width_norm                     0x08001030   Section        0  motorcontrol.o(i.set_pwm_width_norm)
    .constdata                               0x08001074   Section       60  stm32f3_discovery.o(.constdata)
    .data                                    0x20000000   Section       40  main.o(.data)
    .data                                    0x20000028   Section       20  system_stm32f30x.o(.data)
    .data                                    0x2000003c   Section       36  stm32f3_discovery.o(.data)
    .data                                    0x20000060   Section        4  motorcontrol.o(.data)
    _pwm_period                              0x20000060   Data           4  motorcontrol.o(.data)
    STACK                                    0x20000068   Section     1024  startup_stm32f30x.o(STACK)

    Global Symbols

    Symbol Name                              Value     Ov Type        Size  Object(Section)

    BuildAttributes$$THM_ISAv4$E$P$D$K$B$S$7EM$VFPi3$EXTD16$VFPS$VFMA$PE$A:L22UL41UL21$X:L11$S22US41US21$IEEE1$IW$USESV6$~STKCKD$USESV7$~SHL$OSPACE$ROPI$EBA8$MICROLIB$REQ8$PRES8$EABIv2 0x00000000   Number         0  anon$$obj.o ABSOLUTE
    __ARM_use_no_argv                        0x00000000   Number         0  main.o ABSOLUTE
    __decompress                              - Undefined Weak Reference
    _clock_init                               - Undefined Weak Reference
    __Vectors_Size                           0x00000188   Number         0  startup_stm32f30x.o ABSOLUTE
    __Vectors                                0x08000000   Data           4  startup_stm32f30x.o(RESET)
    __Vectors_End                            0x08000188   Data           0  startup_stm32f30x.o(RESET)
    __main                                   0x08000189   Thumb Code     0  entry.o(.ARM.Collect$$$$00000000)
    _main_stk                                0x08000189   Thumb Code     0  entry2.o(.ARM.Collect$$$$00000001)
    _main_scatterload                        0x0800018d   Thumb Code     0  entry5.o(.ARM.Collect$$$$00000004)
    __main_after_scatterload                 0x08000191   Thumb Code     0  entry5.o(.ARM.Collect$$$$00000004)
    _main_clock                              0x08000191   Thumb Code     0  entry7b.o(.ARM.Collect$$$$00000008)
    _main_init                               0x08000191   Thumb Code     0  entry8.o(.ARM.Collect$$$$00000009)
    Reset_Handler                            0x0800019d   Thumb Code     8  startup_stm32f30x.o(.text)
    ADC1_2_IRQHandler                        0x080001b7   Thumb Code     0  startup_stm32f30x.o(.text)
    ADC3_IRQHandler                          0x080001b7   Thumb Code     0  startup_stm32f30x.o(.text)
    ADC4_IRQHandler                          0x080001b7   Thumb Code     0  startup_stm32f30x.o(.text)
    CAN1_RX1_IRQHandler                      0x080001b7   Thumb Code     0  startup_stm32f30x.o(.text)
    CAN1_SCE_IRQHandler                      0x080001b7   Thumb Code     0  startup_stm32f30x.o(.text)
    COMP1_2_3_IRQHandler                     0x080001b7   Thumb Code     0  startup_stm32f30x.o(.text)
    COMP4_5_6_IRQHandler                     0x080001b7   Thumb Code     0  startup_stm32f30x.o(.text)
    COMP7_IRQHandler                         0x080001b7   Thumb Code     0  startup_stm32f30x.o(.text)
    DMA1_Channel1_IRQHandler                 0x080001b7   Thumb Code     0  startup_stm32f30x.o(.text)
    DMA1_Channel2_IRQHandler                 0x080001b7   Thumb Code     0  startup_stm32f30x.o(.text)
    DMA1_Channel3_IRQHandler                 0x080001b7   Thumb Code     0  startup_stm32f30x.o(.text)
    DMA1_Channel4_IRQHandler                 0x080001b7   Thumb Code     0  startup_stm32f30x.o(.text)
    DMA1_Channel5_IRQHandler                 0x080001b7   Thumb Code     0  startup_stm32f30x.o(.text)
    DMA1_Channel6_IRQHandler                 0x080001b7   Thumb Code     0  startup_stm32f30x.o(.text)
    DMA1_Channel7_IRQHandler                 0x080001b7   Thumb Code     0  startup_stm32f30x.o(.text)
    DMA2_Channel1_IRQHandler                 0x080001b7   Thumb Code     0  startup_stm32f30x.o(.text)
    DMA2_Channel2_IRQHandler                 0x080001b7   Thumb Code     0  startup_stm32f30x.o(.text)
    DMA2_Channel3_IRQHandler                 0x080001b7   Thumb Code     0  startup_stm32f30x.o(.text)
    DMA2_Channel4_IRQHandler                 0x080001b7   Thumb Code     0  startup_stm32f30x.o(.text)
    DMA2_Channel5_IRQHandler                 0x080001b7   Thumb Code     0  startup_stm32f30x.o(.text)
    EXTI15_10_IRQHandler                     0x080001b7   Thumb Code     0  startup_stm32f30x.o(.text)
    EXTI1_IRQHandler                         0x080001b7   Thumb Code     0  startup_stm32f30x.o(.text)
    EXTI2_TS_IRQHandler                      0x080001b7   Thumb Code     0  startup_stm32f30x.o(.text)
    EXTI3_IRQHandler                         0x080001b7   Thumb Code     0  startup_stm32f30x.o(.text)
    EXTI4_IRQHandler                         0x080001b7   Thumb Code     0  startup_stm32f30x.o(.text)
    EXTI9_5_IRQHandler                       0x080001b7   Thumb Code     0  startup_stm32f30x.o(.text)
    FLASH_IRQHandler                         0x080001b7   Thumb Code     0  startup_stm32f30x.o(.text)
    FPU_IRQHandler                           0x080001b7   Thumb Code     0  startup_stm32f30x.o(.text)
    I2C1_ER_IRQHandler                       0x080001b7   Thumb Code     0  startup_stm32f30x.o(.text)
    I2C1_EV_IRQHandler                       0x080001b7   Thumb Code     0  startup_stm32f30x.o(.text)
    I2C2_ER_IRQHandler                       0x080001b7   Thumb Code     0  startup_stm32f30x.o(.text)
    I2C2_EV_IRQHandler                       0x080001b7   Thumb Code     0  startup_stm32f30x.o(.text)
    PVD_IRQHandler                           0x080001b7   Thumb Code     0  startup_stm32f30x.o(.text)
    RCC_IRQHandler                           0x080001b7   Thumb Code     0  startup_stm32f30x.o(.text)
    RTC_Alarm_IRQHandler                     0x080001b7   Thumb Code     0  startup_stm32f30x.o(.text)
    RTC_WKUP_IRQHandler                      0x080001b7   Thumb Code     0  startup_stm32f30x.o(.text)
    SPI1_IRQHandler                          0x080001b7   Thumb Code     0  startup_stm32f30x.o(.text)
    SPI2_IRQHandler                          0x080001b7   Thumb Code     0  startup_stm32f30x.o(.text)
    SPI3_IRQHandler                          0x080001b7   Thumb Code     0  startup_stm32f30x.o(.text)
    TAMPER_STAMP_IRQHandler                  0x080001b7   Thumb Code     0  startup_stm32f30x.o(.text)
    TIM1_BRK_TIM15_IRQHandler                0x080001b7   Thumb Code     0  startup_stm32f30x.o(.text)
    TIM1_CC_IRQHandler                       0x080001b7   Thumb Code     0  startup_stm32f30x.o(.text)
    TIM1_TRG_COM_TIM17_IRQHandler            0x080001b7   Thumb Code     0  startup_stm32f30x.o(.text)
    TIM1_UP_TIM16_IRQHandler                 0x080001b7   Thumb Code     0  startup_stm32f30x.o(.text)
    TIM2_IRQHandler                          0x080001b7   Thumb Code     0  startup_stm32f30x.o(.text)
    TIM3_IRQHandler                          0x080001b7   Thumb Code     0  startup_stm32f30x.o(.text)
    TIM4_IRQHandler                          0x080001b7   Thumb Code     0  startup_stm32f30x.o(.text)
    TIM6_DAC_IRQHandler                      0x080001b7   Thumb Code     0  startup_stm32f30x.o(.text)
    TIM7_IRQHandler                          0x080001b7   Thumb Code     0  startup_stm32f30x.o(.text)
    TIM8_BRK_IRQHandler                      0x080001b7   Thumb Code     0  startup_stm32f30x.o(.text)
    TIM8_CC_IRQHandler                       0x080001b7   Thumb Code     0  startup_stm32f30x.o(.text)
    TIM8_TRG_COM_IRQHandler                  0x080001b7   Thumb Code     0  startup_stm32f30x.o(.text)
    TIM8_UP_IRQHandler                       0x080001b7   Thumb Code     0  startup_stm32f30x.o(.text)
    UART4_IRQHandler                         0x080001b7   Thumb Code     0  startup_stm32f30x.o(.text)
    UART5_IRQHandler                         0x080001b7   Thumb Code     0  startup_stm32f30x.o(.text)
    USART1_IRQHandler                        0x080001b7   Thumb Code     0  startup_stm32f30x.o(.text)
    USART2_IRQHandler                        0x080001b7   Thumb Code     0  startup_stm32f30x.o(.text)
    USART3_IRQHandler                        0x080001b7   Thumb Code     0  startup_stm32f30x.o(.text)
    USBWakeUp_IRQHandler                     0x080001b7   Thumb Code     0  startup_stm32f30x.o(.text)
    USBWakeUp_RMP_IRQHandler                 0x080001b7   Thumb Code     0  startup_stm32f30x.o(.text)
    USB_HP_CAN1_TX_IRQHandler                0x080001b7   Thumb Code     0  startup_stm32f30x.o(.text)
    USB_HP_IRQHandler                        0x080001b7   Thumb Code     0  startup_stm32f30x.o(.text)
    USB_LP_CAN1_RX0_IRQHandler               0x080001b7   Thumb Code     0  startup_stm32f30x.o(.text)
    USB_LP_IRQHandler                        0x080001b7   Thumb Code     0  startup_stm32f30x.o(.text)
    WWDG_IRQHandler                          0x080001b7   Thumb Code     0  startup_stm32f30x.o(.text)
    __aeabi_ddiv                             0x080001c1   Thumb Code   222  ddiv.o(.text)
    __aeabi_i2d                              0x0800029f   Thumb Code    34  dflti.o(.text)
    __aeabi_d2iz                             0x080002c1   Thumb Code    62  dfixi.o(.text)
    __aeabi_f2d                              0x080002ff   Thumb Code    38  f2d.o(.text)
    __aeabi_llsr                             0x08000325   Thumb Code    32  llushr.o(.text)
    _ll_ushift_r                             0x08000325   Thumb Code     0  llushr.o(.text)
    __I$use$fp                               0x08000345   Thumb Code     0  iusefp.o(.text)
    _double_round                            0x08000345   Thumb Code    26  depilogue.o(.text)
    _double_epilogue                         0x0800035f   Thumb Code   164  depilogue.o(.text)
    __scatterload                            0x08000405   Thumb Code    28  init.o(.text)
    __scatterload_rt2                        0x08000405   Thumb Code     0  init.o(.text)
    __aeabi_llsl                             0x08000429   Thumb Code    30  llshl.o(.text)
    _ll_shift_l                              0x08000429   Thumb Code     0  llshl.o(.text)
    BusFault_Handler                         0x08000447   Thumb Code     2  stm32f30x_it.o(i.BusFault_Handler)
    DebugMon_Handler                         0x08000449   Thumb Code     2  stm32f30x_it.o(i.DebugMon_Handler)
    Delay                                    0x0800044d   Thumb Code    14  utils.o(i.Delay)
    EXTI0_IRQHandler                         0x08000461   Thumb Code    78  stm32f30x_it.o(i.EXTI0_IRQHandler)
    EXTI_ClearITPendingBit                   0x080004b9   Thumb Code    18  stm32f30x_exti.o(i.EXTI_ClearITPendingBit)
    EXTI_GetITStatus                         0x080004d1   Thumb Code    42  stm32f30x_exti.o(i.EXTI_GetITStatus)
    EXTI_Init                                0x08000501   Thumb Code   220  stm32f30x_exti.o(i.EXTI_Init)
    GPIO_Init                                0x080005e1   Thumb Code   120  stm32f30x_gpio.o(i.GPIO_Init)
    GPIO_PinAFConfig                         0x08000659   Thumb Code    32  stm32f30x_gpio.o(i.GPIO_PinAFConfig)
    GPIO_ReadInputDataBit                    0x08000679   Thumb Code    14  stm32f30x_gpio.o(i.GPIO_ReadInputDataBit)
    HardFault_Handler                        0x08000687   Thumb Code     2  stm32f30x_it.o(i.HardFault_Handler)
    MemManage_Handler                        0x08000689   Thumb Code     2  stm32f30x_it.o(i.MemManage_Handler)
    NMI_Handler                              0x0800068b   Thumb Code     2  stm32f30x_it.o(i.NMI_Handler)
    NVIC_Init                                0x0800068d   Thumb Code    90  stm32f30x_misc.o(i.NVIC_Init)
    PendSV_Handler                           0x080006f1   Thumb Code     2  stm32f30x_it.o(i.PendSV_Handler)
    RCC_AHBPeriphClockCmd                    0x080006f5   Thumb Code    18  stm32f30x_rcc.o(i.RCC_AHBPeriphClockCmd)
    RCC_APB2PeriphClockCmd                   0x0800070d   Thumb Code    18  stm32f30x_rcc.o(i.RCC_APB2PeriphClockCmd)
    STM_EVAL_LEDInit                         0x08000725   Thumb Code    62  stm32f3_discovery.o(i.STM_EVAL_LEDInit)
    STM_EVAL_LEDOff                          0x0800076d   Thumb Code    16  stm32f3_discovery.o(i.STM_EVAL_LEDOff)
    STM_EVAL_LEDOn                           0x08000785   Thumb Code    16  stm32f3_discovery.o(i.STM_EVAL_LEDOn)
    STM_EVAL_PBGetState                      0x0800079d   Thumb Code    16  stm32f3_discovery.o(i.STM_EVAL_PBGetState)
    STM_EVAL_PBInit                          0x080007b5   Thumb Code   144  stm32f3_discovery.o(i.STM_EVAL_PBInit)
    SVC_Handler                              0x0800084d   Thumb Code     2  stm32f30x_it.o(i.SVC_Handler)
    SYSCFG_EXTILineConfig                    0x08000851   Thumb Code    34  stm32f30x_syscfg.o(i.SYSCFG_EXTILineConfig)
    SysTick_Handler                          0x080008f9   Thumb Code    10  stm32f30x_it.o(i.SysTick_Handler)
    SystemInit                               0x08000909   Thumb Code    90  system_stm32f30x.o(i.SystemInit)
    TIM_ARRPreloadConfig                     0x08000979   Thumb Code    20  stm32f30x_tim.o(i.TIM_ARRPreloadConfig)
    TIM_Cmd                                  0x0800098d   Thumb Code    20  stm32f30x_tim.o(i.TIM_Cmd)
    TIM_CtrlPWMOutputs                       0x080009a1   Thumb Code    20  stm32f30x_tim.o(i.TIM_CtrlPWMOutputs)
    TIM_OC1Init                              0x080009b5   Thumb Code   110  stm32f30x_tim.o(i.TIM_OC1Init)
    TIM_OC1PreloadConfig                     0x08000a3d   Thumb Code    12  stm32f30x_tim.o(i.TIM_OC1PreloadConfig)
    TIM_OC2Init                              0x08000a49   Thumb Code   106  stm32f30x_tim.o(i.TIM_OC2Init)
    TIM_OC2PreloadConfig                     0x08000ac1   Thumb Code    14  stm32f30x_tim.o(i.TIM_OC2PreloadConfig)
    TIM_OC3Init                              0x08000ad1   Thumb Code   100  stm32f30x_tim.o(i.TIM_OC3Init)
    TIM_OC3PreloadConfig                     0x08000b3d   Thumb Code    12  stm32f30x_tim.o(i.TIM_OC3PreloadConfig)
    TIM_OC4Init                              0x08000b49   Thumb Code    76  stm32f30x_tim.o(i.TIM_OC4Init)
    TIM_OC4PreloadConfig                     0x08000b9d   Thumb Code    14  stm32f30x_tim.o(i.TIM_OC4PreloadConfig)
    TIM_SetCompare1                          0x08000bab   Thumb Code     4  stm32f30x_tim.o(i.TIM_SetCompare1)
    TIM_SetCompare2                          0x08000baf   Thumb Code     4  stm32f30x_tim.o(i.TIM_SetCompare2)
    TIM_SetCompare3                          0x08000bb3   Thumb Code     4  stm32f30x_tim.o(i.TIM_SetCompare3)
    TIM_SetCompare4                          0x08000bb7   Thumb Code     4  stm32f30x_tim.o(i.TIM_SetCompare4)
    TIM_TimeBaseInit                         0x08000bbd   Thumb Code   108  stm32f30x_tim.o(i.TIM_TimeBaseInit)
    TIM_TimeBaseStructInit                   0x08000c4d   Thumb Code    18  stm32f30x_tim.o(i.TIM_TimeBaseStructInit)
    UsageFault_Handler                       0x08000c5f   Thumb Code     2  stm32f30x_it.o(i.UsageFault_Handler)
    __scatterload_copy                       0x08000c61   Thumb Code    14  handlers.o(i.__scatterload_copy)
    __scatterload_null                       0x08000c6f   Thumb Code     2  handlers.o(i.__scatterload_null)
    __scatterload_zeroinit                   0x08000c71   Thumb Code    14  handlers.o(i.__scatterload_zeroinit)
    init_motors                              0x08000c81   Thumb Code   150  motorcontrol.o(i.init_motors)
    init_pwm                                 0x08000d25   Thumb Code   250  motorcontrol.o(i.init_pwm)
    init_pwm_gpio                            0x08000e31   Thumb Code    64  motorcontrol.o(i.init_pwm_gpio)
    main                                     0x08000e71   Thumb Code   326  main.o(i.main)
    setMotorSpeed                            0x08000fdd   Thumb Code    62  motorcontrol.o(i.setMotorSpeed)
    set_pwm_width_norm                       0x08001031   Thumb Code    64  motorcontrol.o(i.set_pwm_width_norm)
    BUTTON_PORT_SOURCE                       0x08001074   Data           1  stm32f3_discovery.o(.constdata)
    BUTTON_PIN_SOURCE                        0x08001075   Data           1  stm32f3_discovery.o(.constdata)
    BUTTON_IRQn                              0x08001076   Data           1  stm32f3_discovery.o(.constdata)
    BUTTON_PIN                               0x08001078   Data           2  stm32f3_discovery.o(.constdata)
    BUTTON_EXTI_LINE                         0x0800107a   Data           2  stm32f3_discovery.o(.constdata)
    BUTTON_CLK                               0x0800107c   Data           4  stm32f3_discovery.o(.constdata)
    GPIO_PIN                                 0x08001080   Data          16  stm32f3_discovery.o(.constdata)
    GPIO_CLK                                 0x08001090   Data          32  stm32f3_discovery.o(.constdata)
    Region$$Table$$Base                      0x080010b0   Number         0  anon$$obj.o(Region$$Table)
    Region$$Table$$Limit                     0x080010d0   Number         0  anon$$obj.o(Region$$Table)
    UserButtonPressed                        0x20000000   Data           4  main.o(.data)
    msTicks                                  0x20000004   Data           4  main.o(.data)
    LEDS                                     0x20000008   Data          32  main.o(.data)
    SystemCoreClock                          0x20000028   Data           4  system_stm32f30x.o(.data)
    AHBPrescTable                            0x2000002c   Data          16  system_stm32f30x.o(.data)
    BUTTON_PORT                              0x2000003c   Data           4  stm32f3_discovery.o(.data)
    GPIO_PORT                                0x20000040   Data          32  stm32f3_discovery.o(.data)
    __initial_sp                             0x20000468   Data           0  startup_stm32f30x.o(STACK)



==============================================================================

Memory Map of the image

  Image Entry point : 0x08000189

  Load Region LR_IROM1 (Base: 0x08000000, Size: 0x00001134, Max: 0x00040000, ABSOLUTE)

    Execution Region ER_IROM1 (Base: 0x08000000, Size: 0x000010d0, Max: 0x00040000, ABSOLUTE)

    Base Addr    Size         Type   Attr      Idx    E Section Name        Object

    0x08000000   0x00000188   Data   RO            3    RESET               startup_stm32f30x.o
    0x08000188   0x00000000   Code   RO         4404  * .ARM.Collect$$$$00000000  mc_w.l(entry.o)
    0x08000188   0x00000004   Code   RO         4415    .ARM.Collect$$$$00000001  mc_w.l(entry2.o)
    0x0800018c   0x00000004   Code   RO         4418    .ARM.Collect$$$$00000004  mc_w.l(entry5.o)
    0x08000190   0x00000000   Code   RO         4420    .ARM.Collect$$$$00000008  mc_w.l(entry7b.o)
    0x08000190   0x00000008   Code   RO         4421    .ARM.Collect$$$$00000009  mc_w.l(entry8.o)
    0x08000198   0x00000004   Code   RO         4416    .ARM.Collect$$$$00002712  mc_w.l(entry2.o)
    0x0800019c   0x00000024   Code   RO            4    .text               startup_stm32f30x.o
    0x080001c0   0x000000de   Code   RO         4407    .text               mf_w.l(ddiv.o)
    0x0800029e   0x00000022   Code   RO         4409    .text               mf_w.l(dflti.o)
    0x080002c0   0x0000003e   Code   RO         4411    .text               mf_w.l(dfixi.o)
    0x080002fe   0x00000026   Code   RO         4413    .text               mf_w.l(f2d.o)
    0x08000324   0x00000020   Code   RO         4422    .text               mc_w.l(llushr.o)
    0x08000344   0x00000000   Code   RO         4424    .text               mc_w.l(iusefp.o)
    0x08000344   0x000000be   Code   RO         4425    .text               mf_w.l(depilogue.o)
    0x08000402   0x00000002   PAD
    0x08000404   0x00000024   Code   RO         4427    .text               mc_w.l(init.o)
    0x08000428   0x0000001e   Code   RO         4429    .text               mc_w.l(llshl.o)
    0x08000446   0x00000002   Code   RO           12    i.BusFault_Handler  stm32f30x_it.o
    0x08000448   0x00000002   Code   RO           13    i.DebugMon_Handler  stm32f30x_it.o
    0x0800044a   0x00000002   PAD
    0x0800044c   0x00000014   Code   RO          272    i.Delay             utils.o
    0x08000460   0x00000058   Code   RO           14    i.EXTI0_IRQHandler  stm32f30x_it.o
    0x080004b8   0x00000018   Code   RO         1589    i.EXTI_ClearITPendingBit  stm32f30x_exti.o
    0x080004d0   0x00000030   Code   RO         1593    i.EXTI_GetITStatus  stm32f30x_exti.o
    0x08000500   0x000000e0   Code   RO         1594    i.EXTI_Init         stm32f30x_exti.o
    0x080005e0   0x00000078   Code   RO         1838    i.GPIO_Init         stm32f30x_gpio.o
    0x08000658   0x00000020   Code   RO         1839    i.GPIO_PinAFConfig  stm32f30x_gpio.o
    0x08000678   0x0000000e   Code   RO         1842    i.GPIO_ReadInputDataBit  stm32f30x_gpio.o
    0x08000686   0x00000002   Code   RO           15    i.HardFault_Handler  stm32f30x_it.o
    0x08000688   0x00000002   Code   RO           16    i.MemManage_Handler  stm32f30x_it.o
    0x0800068a   0x00000002   Code   RO           17    i.NMI_Handler       stm32f30x_it.o
    0x0800068c   0x00000064   Code   RO         2251    i.NVIC_Init         stm32f30x_misc.o
    0x080006f0   0x00000002   Code   RO           18    i.PendSV_Handler    stm32f30x_it.o
    0x080006f2   0x00000002   PAD
    0x080006f4   0x00000018   Code   RO         2474    i.RCC_AHBPeriphClockCmd  stm32f30x_rcc.o
    0x0800070c   0x00000018   Code   RO         2478    i.RCC_APB2PeriphClockCmd  stm32f30x_rcc.o
    0x08000724   0x00000048   Code   RO          292    i.STM_EVAL_LEDInit  stm32f3_discovery.o
    0x0800076c   0x00000018   Code   RO          293    i.STM_EVAL_LEDOff   stm32f3_discovery.o
    0x08000784   0x00000018   Code   RO          294    i.STM_EVAL_LEDOn    stm32f3_discovery.o
    0x0800079c   0x00000018   Code   RO          296    i.STM_EVAL_PBGetState  stm32f3_discovery.o
    0x080007b4   0x00000098   Code   RO          297    i.STM_EVAL_PBInit   stm32f3_discovery.o
    0x0800084c   0x00000002   Code   RO           19    i.SVC_Handler       stm32f30x_it.o
    0x0800084e   0x00000002   PAD
    0x08000850   0x00000028   Code   RO         3264    i.SYSCFG_EXTILineConfig  stm32f30x_syscfg.o
    0x08000878   0x00000080   Code   RO          235    i.SetSysClock       system_stm32f30x.o
    0x080008f8   0x00000010   Code   RO           20    i.SysTick_Handler   stm32f30x_it.o
    0x08000908   0x00000070   Code   RO          237    i.SystemInit        system_stm32f30x.o
    0x08000978   0x00000014   Code   RO         3359    i.TIM_ARRPreloadConfig  stm32f30x_tim.o
    0x0800098c   0x00000014   Code   RO         3377    i.TIM_Cmd           stm32f30x_tim.o
    0x080009a0   0x00000014   Code   RO         3379    i.TIM_CtrlPWMOutputs  stm32f30x_tim.o
    0x080009b4   0x00000088   Code   RO         3408    i.TIM_OC1Init       stm32f30x_tim.o
    0x08000a3c   0x0000000c   Code   RO         3411    i.TIM_OC1PreloadConfig  stm32f30x_tim.o
    0x08000a48   0x00000078   Code   RO         3413    i.TIM_OC2Init       stm32f30x_tim.o
    0x08000ac0   0x0000000e   Code   RO         3416    i.TIM_OC2PreloadConfig  stm32f30x_tim.o
    0x08000ace   0x00000002   PAD
    0x08000ad0   0x0000006c   Code   RO         3418    i.TIM_OC3Init       stm32f30x_tim.o
    0x08000b3c   0x0000000c   Code   RO         3421    i.TIM_OC3PreloadConfig  stm32f30x_tim.o
    0x08000b48   0x00000054   Code   RO         3423    i.TIM_OC4Init       stm32f30x_tim.o
    0x08000b9c   0x0000000e   Code   RO         3425    i.TIM_OC4PreloadConfig  stm32f30x_tim.o
    0x08000baa   0x00000004   Code   RO         3452    i.TIM_SetCompare1   stm32f30x_tim.o
    0x08000bae   0x00000004   Code   RO         3453    i.TIM_SetCompare2   stm32f30x_tim.o
    0x08000bb2   0x00000004   Code   RO         3454    i.TIM_SetCompare3   stm32f30x_tim.o
    0x08000bb6   0x00000004   Code   RO         3455    i.TIM_SetCompare4   stm32f30x_tim.o
    0x08000bba   0x00000002   PAD
    0x08000bbc   0x00000090   Code   RO         3464    i.TIM_TimeBaseInit  stm32f30x_tim.o
    0x08000c4c   0x00000012   Code   RO         3465    i.TIM_TimeBaseStructInit  stm32f30x_tim.o
    0x08000c5e   0x00000002   Code   RO           21    i.UsageFault_Handler  stm32f30x_it.o
    0x08000c60   0x0000000e   Code   RO         4433    i.__scatterload_copy  mc_w.l(handlers.o)
    0x08000c6e   0x00000002   Code   RO         4434    i.__scatterload_null  mc_w.l(handlers.o)
    0x08000c70   0x0000000e   Code   RO         4435    i.__scatterload_zeroinit  mc_w.l(handlers.o)
    0x08000c7e   0x00000002   PAD
    0x08000c80   0x000000a4   Code   RO          566    i.init_motors       motorcontrol.o
    0x08000d24   0x0000010c   Code   RO          567    i.init_pwm          motorcontrol.o
    0x08000e30   0x00000040   Code   RO          568    i.init_pwm_gpio     motorcontrol.o
    0x08000e70   0x0000016c   Code   RO          199    i.main              main.o
    0x08000fdc   0x00000054   Code   RO          569    i.setMotorSpeed     motorcontrol.o
    0x08001030   0x00000044   Code   RO          571    i.set_pwm_width_norm  motorcontrol.o
    0x08001074   0x0000003c   Data   RO          298    .constdata          stm32f3_discovery.o
    0x080010b0   0x00000020   Data   RO         4431    Region$$Table       anon$$obj.o


    Execution Region RW_IRAM1 (Base: 0x20000000, Size: 0x00000468, Max: 0x00008000, ABSOLUTE)

    Base Addr    Size         Type   Attr      Idx    E Section Name        Object

    0x20000000   0x00000028   Data   RW          200    .data               main.o
    0x20000028   0x00000014   Data   RW          238    .data               system_stm32f30x.o
    0x2000003c   0x00000024   Data   RW          299    .data               stm32f3_discovery.o
    0x20000060   0x00000004   Data   RW          572    .data               motorcontrol.o
    0x20000064   0x00000004   PAD
    0x20000068   0x00000400   Zero   RW            1    STACK               startup_stm32f30x.o


==============================================================================

Image component sizes


      Code (inc. data)   RO Data    RW Data    ZI Data      Debug   Object Name

       364         38          0         40          0      27691   main.o
       648         58          0          4          0       2970   motorcontrol.o
        36          8        392          0       1024        776   startup_stm32f30x.o
       296         16          0          0          0       1968   stm32f30x_exti.o
       166          0          0          0          0       2047   stm32f30x_gpio.o
       120         16          0          0          0     233001   stm32f30x_it.o
       100         10          0          0          0        884   stm32f30x_misc.o
        48         12          0          0          0       1021   stm32f30x_rcc.o
        40          6          0          0          0        580   stm32f30x_syscfg.o
       738         92          0          0          0      10345   stm32f30x_tim.o
       296         42         60         36          0       5080   stm32f3_discovery.o
       240         32          0         20          0       1529   system_stm32f30x.o
        20          6          0          0          0        620   utils.o

    ----------------------------------------------------------------------
      3122        336        484        100       1028     288512   Object Totals
         0          0         32          0          0          0   (incl. Generated)
        10          0          0          0          4          0   (incl. Padding)

    ----------------------------------------------------------------------

      Code (inc. data)   RO Data    RW Data    ZI Data      Debug   Library Member Name

         0          0          0          0          0          0   entry.o
         8          4          0          0          0          0   entry2.o
         4          0          0          0          0          0   entry5.o
         0          0          0          0          0          0   entry7b.o
         8          4          0          0          0          0   entry8.o
        30          0          0          0          0          0   handlers.o
        36          8          0          0          0         68   init.o
         0          0          0          0          0          0   iusefp.o
        30          0          0          0          0         68   llshl.o
        32          0          0          0          0         68   llushr.o
       222          0          0          0          0        100   ddiv.o
       190          0          0          0          0        176   depilogue.o
        62          0          0          0          0         80   dfixi.o
        34          0          0          0          0         76   dflti.o
        38          0          0          0          0         68   f2d.o

    ----------------------------------------------------------------------
       698         16          0          0          0        704   Library Totals
         4          0          0          0          0          0   (incl. Padding)

    ----------------------------------------------------------------------

      Code (inc. data)   RO Data    RW Data    ZI Data      Debug   Library Name

       148         16          0          0          0        204   mc_w.l
       546          0          0          0          0        500   mf_w.l

    ----------------------------------------------------------------------
       698         16          0          0          0        704   Library Totals

    ----------------------------------------------------------------------

==============================================================================


      Code (inc. data)   RO Data    RW Data    ZI Data      Debug   

      3820        352        484        100       1028     284456   Grand Totals
      3820        352        484        100       1028     284456   ELF Image Totals
      3820        352        484        100          0          0   ROM Totals

==============================================================================

    Total RO  Size (Code + RO Data)                 4304 (   4.20kB)
    Total RW  Size (RW Data + ZI Data)              1128 (   1.10kB)
    Total ROM Size (Code + RO Data + RW Data)       4404 (   4.30kB)

==============================================================================

